
  .....⨯⨯⨯⨯⨯⨯..........⨯⨯⨯⨯⨯⨯⨯⨯⨯⨯⨯.⨯.............⨯⨯⨯⨯⨯⨯..⨯⨯.........⨯⨯⨯⨯⨯..⨯..
  .....⨯.......⨯..............⨯...............................................
  ..........⨯⨯⨯...............................................................
  ..⨯...............................................
  ────────────────────────────────────────────────────────────────────────────  
   FAILED  Tests\Unit\ReceiptItemEnricherTest > it strips manufacturer prefi…   
  Failed asserting that two strings are identical.
  -'RP72414PC'
  +'BRIZORP72414PC'
  

  at tests/Unit/ReceiptItemEnricherTest.php:19
     15▕     $updates = $enricher->planMerge($existing, $supplement);
     16▕     $merged = $enricher->applyUpdates($existing, $updates);
     17▕ 
     18▕     expect($merged[0]['Manufacturer'])->toBe('Brizo');
  ➜  19▕     expect($merged[0]['ManufacturerPartNumber'])->toBe('RP72414PC');
     20▕ });
     21▕ 
     22▕ it('appends supplement-only items that do not exist on the receipt', function () {
     23▕     $enricher = new ReceiptItemEnricher();

  1   tests/Unit/ReceiptItemEnricherTest.php:19

  ────────────────────────────────────────────────────────────────────────────  
   FAILED  Tests\Unit\ReceiptItemEnricherTest > it appends supplement…  Error   
  Call to undefined method App\Services\ReceiptItemEnricher::unmatchedSupplementItems()

  at tests/Unit/ReceiptItemEnricherTest.php:34
     30▕         ['Description' => 'ESSENTIAL 22 X 34 RECTANGLE DECORATIVE MIRROR', 'Manufacturer' => 'Kohler', 'VendorCode' => 'K26052BLL', 'Quantity' => 2],
     31▕     ];
     32▕ 
     33▕     $updates = $enricher->planMerge($existing, $supplement);
  ➜  34▕     $appended = $enricher->unmatchedSupplementItems($existing, $supplement, $updates);
     35▕ 
     36▕     expect($appended)->toHaveCount(1);
     37▕     expect($appended[0]['Description'])->toBe('ESSENTIAL 22 X 34 RECTANGLE DECORATIVE MIRROR');
     38▕     expect($appended[0]['ManufacturerPartNumber'])->toBe('K26052BLL');

  1   tests/Unit/ReceiptItemEnricherTest.php:34

  ────────────────────────────────────────────────────────────────────────────  
   FAILED  Tests\Unit\ReceiptItemEnricherTest > it dedups supplement…   Error   
  Call to undefined method App\Services\ReceiptItemEnricher::unmatchedSupplementItems()

  at tests/Unit/ReceiptItemEnricherTest.php:54
     50▕         ['Description' => 'COMPLETELY DIFFERENT TEXT HERE NOTHING MATCHES', 'Manufacturer' => 'Brizo', 'ManufacturerPartNumber' => '87465-PC', 'Quantity' => 1],
     51▕     ];
     52▕ 
     53▕     $updates = $enricher->planMerge($existing, $supplement);
  ➜  54▕     $appended = $enricher->unmatchedSupplementItems($existing, $supplement, $updates);
     55▕ 
     56▕     expect($appended)->toHaveCount(0);
     57▕ });
     58▕

  1   tests/Unit/ReceiptItemEnricherTest.php:54

  ────────────────────────────────────────────────────────────────────────────  
   FAILED  Tests\Unit\ReceiptItemEnricherTest > it dedups supplement…   Error   
  Call to undefined method App\Services\ReceiptItemEnricher::unmatchedSupplementItems()

  at tests/Unit/ReceiptItemEnricherTest.php:70
     66▕         ['Description' => 'BEAUCLERE WIDESPREAD LAV FAUCET WHEEL HANDLE', 'Manufacturer' => 'Brizo', 'ManufacturerPartNumber' => '65365LFPCLHP', 'Quantity' => 2],
     67▕     ];
     68▕ 
     69▕     $updates = $enricher->planMerge($existing, $supplement);
  ➜  70▕     $appended = $enricher->unmatchedSupplementItems($existing, $supplement, $updates);
     71▕ 
     72▕     expect($appended)->toHaveCount(0);
     73▕ });
     74▕

  1   tests/Unit/ReceiptItemEnricherTest.php:70

  ────────────────────────────────────────────────────────────────────────────  
   FAILED  Tests\Unit\ReceiptItemEnricherTest > it sanitizeMpn strips…  Error   
  Call to undefined method App\Services\ReceiptItemEnricher::sanitizeMpn()

  at tests/Unit/ReceiptItemEnricherTest.php:78
     74▕ 
     75▕ it('sanitizeMpn strips brand prefix only when present', function () {
     76▕     $enricher = new ReceiptItemEnricher();
     77▕ 
  ➜  78▕     expect($enricher->sanitizeMpn('BRIZORP72414PC', 'Brizo'))->toBe('RP72414PC');
     79▕     expect($enricher->sanitizeMpn('KOHLERK26052BLL', 'Kohler'))->toBe('K26052BLL');
     80▕     // Already clean MPNs untouched
     81▕     expect($enricher->sanitizeMpn('K26052BLL', 'Kohler'))->toBe('K26052BLL');
     82▕     // Short manufacturer name (e.g. AO) is ignored to avoid false positives

  1   tests/Unit/ReceiptItemEnricherTest.php:78

  ────────────────────────────────────────────────────────────────────────────  
   FAILED  Tests\Unit\ReceiptItemEnricherTest > it matches verbose su…  Error   
  Call to undefined method App\Services\ReceiptItemEnricher::unmatchedSupplementItems()

  at tests/Unit/ReceiptItemEnricherTest.php:103
     99▕     ];
    100▕ 
    101▕     $updates = $enricher->planMerge($existing, $supplement);
    102▕     $merged = $enricher->applyUpdates($existing, $updates);
  ➜ 103▕     $appended = $enricher->unmatchedSupplementItems($merged, $supplement, $updates);
    104▕ 
    105▕     expect($merged[0]['ManufacturerPartNumber'])->toBe('K8298CR0');
    106▕     expect($merged[1]['ManufacturerPartNumber'])->toBe('K8304KSNA');
    107▕     expect($appended)->toHaveCount(1);

  1   tests/Unit/ReceiptItemEnricherTest.php:103

  ────────────────────────────────────────────────────────────────────────────  
   FAILED  Tests\Feature\Auth\EmailVerificationTest > email…   QueryException   
  SQLSTATE[HY000]: General error: 1 table users has no column named email_verified_at (Connection: sqlite, Database: :memory:, SQL: insert into "users" ("first_name", "last_name", "email", "cell_phone", "email_verified_at", "password", "remember_token", "updated_at", "created_at") values (Elisha, Reilly, arlo38@example.org, 2510650512, ?, $2y$10$92IXUNpkjO0rOQ5byMi.Ye4oKoEa3Ro9llC/.og/at2.uheWG/igi, oORVmZZ4gQ, 2026-05-17 23:56:14, 2026-05-17 23:56:14))

  at vendor/laravel/framework/src/Illuminate/Database/Connection.php:578
    574▕             if ($this->pretending()) {
    575▕                 return true;
    576▕             }
    577▕ 
  ➜ 578▕             $statement = $this->getPdo()->prepare($query);
    579▕ 
    580▕             $this->bindValues($statement, $this->prepareBindings($bindings));
    581▕ 
    582▕             $this->recordsHaveBeenModified();

      [2m+16 vendor frames [22m
  17  tests/Feature/Auth/EmailVerificationTest.php:19

  ────────────────────────────────────────────────────────────────────────────  
   FAILED  Tests\Feature\Auth\EmailVerificationTest > email…   QueryException   
  SQLSTATE[HY000]: General error: 1 table users has no column named email_verified_at (Connection: sqlite, Database: :memory:, SQL: insert into "users" ("first_name", "last_name", "email", "cell_phone", "email_verified_at", "password", "remember_token", "updated_at", "created_at") values (Neoma, Kling, ewatsica@example.net, 6912617257, ?, $2y$10$92IXUNpkjO0rOQ5byMi.Ye4oKoEa3Ro9llC/.og/at2.uheWG/igi, sVFA9Ssr8o, 2026-05-17 23:56:14, 2026-05-17 23:56:14))

  at vendor/laravel/framework/src/Illuminate/Database/Connection.php:578
    574▕             if ($this->pretending()) {
    575▕                 return true;
    576▕             }
    577▕ 
  ➜ 578▕             $statement = $this->getPdo()->prepare($query);
    579▕ 
    580▕             $this->bindValues($statement, $this->prepareBindings($bindings));
    581▕ 
    582▕             $this->recordsHaveBeenModified();

      [2m+16 vendor frames [22m
  17  tests/Feature/Auth/EmailVerificationTest.php:30

  ────────────────────────────────────────────────────────────────────────────  
   FAILED  Tests\Feature\Auth\EmailVerificationTest > email…   QueryException   
  SQLSTATE[HY000]: General error: 1 table users has no column named email_verified_at (Connection: sqlite, Database: :memory:, SQL: insert into "users" ("first_name", "last_name", "email", "cell_phone", "email_verified_at", "password", "remember_token", "updated_at", "created_at") values (Isom, Beatty, moen.dylan@example.com, 4217714697, ?, $2y$10$92IXUNpkjO0rOQ5byMi.Ye4oKoEa3Ro9llC/.og/at2.uheWG/igi, 7MWGZABAdh, 2026-05-17 23:56:14, 2026-05-17 23:56:14))

  at vendor/laravel/framework/src/Illuminate/Database/Connection.php:578
    574▕             if ($this->pretending()) {
    575▕                 return true;
    576▕             }
    577▕ 
  ➜ 578▕             $statement = $this->getPdo()->prepare($query);
    579▕ 
    580▕             $this->bindValues($statement, $this->prepareBindings($bindings));
    581▕ 
    582▕             $this->recordsHaveBeenModified();

      [2m+16 vendor frames [22m
  17  tests/Feature/Auth/EmailVerificationTest.php:51

  ────────────────────────────────────────────────────────────────────────────  
   FAILED  Tests\Feature\Auth\PasswordConfirmationTest > con…  QueryException   
  SQLSTATE[HY000]: General error: 1 table users has no column named email_verified_at (Connection: sqlite, Database: :memory:, SQL: insert into "users" ("first_name", "last_name", "email", "cell_phone", "email_verified_at", "password", "remember_token", "updated_at", "created_at") values (Marlene, Von, emery.parisian@example.net, 7839447984, 2026-05-17 23:56:14, $2y$10$92IXUNpkjO0rOQ5byMi.Ye4oKoEa3Ro9llC/.og/at2.uheWG/igi, r3BJI2mGBW, 2026-05-17 23:56:14, 2026-05-17 23:56:14))

  at vendor/laravel/framework/src/Illuminate/Database/Connection.php:578
    574▕             if ($this->pretending()) {
    575▕                 return true;
    576▕             }
    577▕ 
  ➜ 578▕             $statement = $this->getPdo()->prepare($query);
    579▕ 
    580▕             $this->bindValues($statement, $this->prepareBindings($bindings));
    581▕ 
    582▕             $this->recordsHaveBeenModified();

      [2m+15 vendor frames [22m
  16  tests/Feature/Auth/PasswordConfirmationTest.php:15

  ────────────────────────────────────────────────────────────────────────────  
   FAILED  Tests\Feature\Auth\PasswordConfirmationTest > pas…  QueryException   
  SQLSTATE[HY000]: General error: 1 table users has no column named email_verified_at (Connection: sqlite, Database: :memory:, SQL: insert into "users" ("first_name", "last_name", "email", "cell_phone", "email_verified_at", "password", "remember_token", "updated_at", "created_at") values (Ned, Bins, conrad26@example.org, 7960420997, 2026-05-17 23:56:14, $2y$10$92IXUNpkjO0rOQ5byMi.Ye4oKoEa3Ro9llC/.og/at2.uheWG/igi, TGlGX3RcFs, 2026-05-17 23:56:14, 2026-05-17 23:56:14))

  at vendor/laravel/framework/src/Illuminate/Database/Connection.php:578
    574▕             if ($this->pretending()) {
    575▕                 return true;
    576▕             }
    577▕ 
  ➜ 578▕             $statement = $this->getPdo()->prepare($query);
    579▕ 
    580▕             $this->bindValues($statement, $this->prepareBindings($bindings));
    581▕ 
    582▕             $this->recordsHaveBeenModified();

      [2m+15 vendor frames [22m
  16  tests/Feature/Auth/PasswordConfirmationTest.php:24

  ────────────────────────────────────────────────────────────────────────────  
   FAILED  Tests\Feature\Auth\PasswordConfirmationTest > pas…  QueryException   
  SQLSTATE[HY000]: General error: 1 table users has no column named email_verified_at (Connection: sqlite, Database: :memory:, SQL: insert into "users" ("first_name", "last_name", "email", "cell_phone", "email_verified_at", "password", "remember_token", "updated_at", "created_at") values (Georgianna, Turcotte, mayer.brittany@example.org, 8228648595, 2026-05-17 23:56:14, $2y$10$92IXUNpkjO0rOQ5byMi.Ye4oKoEa3Ro9llC/.og/at2.uheWG/igi, f4Pp3H4x2X, 2026-05-17 23:56:14, 2026-05-17 23:56:14))

  at vendor/laravel/framework/src/Illuminate/Database/Connection.php:578
    574▕             if ($this->pretending()) {
    575▕                 return true;
    576▕             }
    577▕ 
  ➜ 578▕             $statement = $this->getPdo()->prepare($query);
    579▕ 
    580▕             $this->bindValues($statement, $this->prepareBindings($bindings));
    581▕ 
    582▕             $this->recordsHaveBeenModified();

      [2m+15 vendor frames [22m
  16  tests/Feature/Auth/PasswordConfirmationTest.php:36

  ────────────────────────────────────────────────────────────────────────────  
   FAILED  Tests\Feature\Auth\PasswordResetTest > reset password link screen…   
  Expected response status code [200] but received 404.
Failed asserting that 404 is identical to 200.

  at tests/Feature/Auth/PasswordResetTest.php:19
     15▕     public function test_reset_password_link_screen_can_be_rendered(): void
     16▕     {
     17▕         $response = $this->get('/forgot-password');
     18▕ 
  ➜  19▕         $response->assertStatus(200);
     20▕     }
     21▕ 
     22▕     public function test_reset_password_link_can_be_requested(): void
     23▕     {

  ────────────────────────────────────────────────────────────────────────────  
   FAILED  Tests\Feature\Auth\PasswordResetTest > reset pass…  QueryException   
  SQLSTATE[HY000]: General error: 1 table users has no column named email_verified_at (Connection: sqlite, Database: :memory:, SQL: insert into "users" ("first_name", "last_name", "email", "cell_phone", "email_verified_at", "password", "remember_token", "updated_at", "created_at") values (Amiya, Kris, helene.carter@example.org, 3393414041, 2026-05-17 23:56:14, $2y$10$92IXUNpkjO0rOQ5byMi.Ye4oKoEa3Ro9llC/.og/at2.uheWG/igi, ySONpjQBpM, 2026-05-17 23:56:14, 2026-05-17 23:56:14))

  at vendor/laravel/framework/src/Illuminate/Database/Connection.php:578
    574▕             if ($this->pretending()) {
    575▕                 return true;
    576▕             }
    577▕ 
  ➜ 578▕             $statement = $this->getPdo()->prepare($query);
    579▕ 
    580▕             $this->bindValues($statement, $this->prepareBindings($bindings));
    581▕ 
    582▕             $this->recordsHaveBeenModified();

      [2m+15 vendor frames [22m
  16  tests/Feature/Auth/PasswordResetTest.php:26

  ────────────────────────────────────────────────────────────────────────────  
   FAILED  Tests\Feature\Auth\PasswordResetTest > reset pass…  QueryException   
  SQLSTATE[HY000]: General error: 1 table users has no column named email_verified_at (Connection: sqlite, Database: :memory:, SQL: insert into "users" ("first_name", "last_name", "email", "cell_phone", "email_verified_at", "password", "remember_token", "updated_at", "created_at") values (Tavares, Blanda, vtowne@example.org, 3883803060, 2026-05-17 23:56:14, $2y$10$92IXUNpkjO0rOQ5byMi.Ye4oKoEa3Ro9llC/.og/at2.uheWG/igi, x21JoS68ya, 2026-05-17 23:56:14, 2026-05-17 23:56:14))

  at vendor/laravel/framework/src/Illuminate/Database/Connection.php:578
    574▕             if ($this->pretending()) {
    575▕                 return true;
    576▕             }
    577▕ 
  ➜ 578▕             $statement = $this->getPdo()->prepare($query);
    579▕ 
    580▕             $this->bindValues($statement, $this->prepareBindings($bindings));
    581▕ 
    582▕             $this->recordsHaveBeenModified();

      [2m+15 vendor frames [22m
  16  tests/Feature/Auth/PasswordResetTest.php:37

  ────────────────────────────────────────────────────────────────────────────  
   FAILED  Tests\Feature\Auth\PasswordResetTest > password c…  QueryException   
  SQLSTATE[HY000]: General error: 1 table users has no column named email_verified_at (Connection: sqlite, Database: :memory:, SQL: insert into "users" ("first_name", "last_name", "email", "cell_phone", "email_verified_at", "password", "remember_token", "updated_at", "created_at") values (Albina, Smitham, cbaumbach@example.net, 2707722522, 2026-05-17 23:56:14, $2y$10$92IXUNpkjO0rOQ5byMi.Ye4oKoEa3Ro9llC/.og/at2.uheWG/igi, nGmleeSu8m, 2026-05-17 23:56:14, 2026-05-17 23:56:14))

  at vendor/laravel/framework/src/Illuminate/Database/Connection.php:578
    574▕             if ($this->pretending()) {
    575▕                 return true;
    576▕             }
    577▕ 
  ➜ 578▕             $statement = $this->getPdo()->prepare($query);
    579▕ 
    580▕             $this->bindValues($statement, $this->prepareBindings($bindings));
    581▕ 
    582▕             $this->recordsHaveBeenModified();

      [2m+15 vendor frames [22m
  16  tests/Feature/Auth/PasswordResetTest.php:54

  ────────────────────────────────────────────────────────────────────────────  
   FAILED  Tests\Feature\AutoReceiptsDedupTest > it treats two attachments w…   
  Failed asserting that 1 is identical to 2.

  at tests/Feature/AutoReceiptsDedupTest.php:110
    106▕     expect($exp428)->not->toBeNull();
    107▕     expect($exp492)->not->toBeNull();
    108▕ 
    109▕     // Multi-page Order has two receipt rows attached to the same expense
  ➜ 110▕     expect(ExpenseReceipts::where('expense_id', $exp428->id)->count())->toBe(2);
    111▕     // Standalone Order has one
    112▕     expect(ExpenseReceipts::where('expense_id', $exp492->id)->count())->toBe(1);
    113▕ 
    114▕     // The continuation page must NOT be moved to the failed-debug folder

  1   tests/Feature/AutoReceiptsDedupTest.php:110

  ────────────────────────────────────────────────────────────────────────────  
   FAILED  Tests\Feature\AutoReceiptsDedupTest > it attaches a continuation…    
  Failed asserting that 1 is identical to 2.

  at tests/Feature/AutoReceiptsDedupTest.php:256
    252▕     expect(Expense::withoutGlobalScopes()->count())->toBe(1);
    253▕ 
    254▕     $exp = Expense::withoutGlobalScopes()->where('invoice', 'S9464428.002')->first();
    255▕     expect($exp)->not->toBeNull();
  ➜ 256▕     expect(ExpenseReceipts::where('expense_id', $exp->id)->count())->toBe(2);
    257▕     expect(Storage::disk('files')->files('auto_receipts_failed'))->toBeEmpty();
    258▕ });
    259▕

  1   tests/Feature/AutoReceiptsDedupTest.php:256

  ────────────────────────────────────────────────────────────────────────────  
   FAILED  Tests\Feature\DetectBelongsToVendorTest >…  BadMethodCallException   
  Call to undefined method App\Models\Vendor::shouldReceive()

  at vendor/laravel/framework/src/Illuminate/Support/Traits/ForwardsCalls.php:67
     63▕      * @throws \BadMethodCallException
     64▕      */
     65▕     protected static function throwBadMethodCallException($method)
     66▕     {
  ➜  67▕         throw new BadMethodCallException(sprintf(
     68▕             'Call to undefined method %s::%s()', static::class, $method
     69▕         ));
     70▕     }
     71▕ }

      [2m+4 vendor frames [22m
  5   tests/Feature/DetectBelongsToVendorTest.php:30
  6   tests/Feature/DetectBelongsToVendorTest.php:42

  ────────────────────────────────────────────────────────────────────────────  
   FAILED  Tests\Feature\DetectBelongsToVendorTest >…  BadMethodCallException   
  Call to undefined method App\Models\Vendor::shouldReceive()

  at vendor/laravel/framework/src/Illuminate/Support/Traits/ForwardsCalls.php:67
     63▕      * @throws \BadMethodCallException
     64▕      */
     65▕     protected static function throwBadMethodCallException($method)
     66▕     {
  ➜  67▕         throw new BadMethodCallException(sprintf(
     68▕             'Call to undefined method %s::%s()', static::class, $method
     69▕         ));
     70▕     }
     71▕ }

      [2m+4 vendor frames [22m
  5   tests/Feature/DetectBelongsToVendorTest.php:30
  6   tests/Feature/DetectBelongsToVendorTest.php:50

  ────────────────────────────────────────────────────────────────────────────  
   FAILED  Tests\Feature\DetectBelongsToVendorTest >…  BadMethodCallException   
  Call to undefined method App\Models\Vendor::shouldReceive()

  at vendor/laravel/framework/src/Illuminate/Support/Traits/ForwardsCalls.php:67
     63▕      * @throws \BadMethodCallException
     64▕      */
     65▕     protected static function throwBadMethodCallException($method)
     66▕     {
  ➜  67▕         throw new BadMethodCallException(sprintf(
     68▕             'Call to undefined method %s::%s()', static::class, $method
     69▕         ));
     70▕     }
     71▕ }

      [2m+4 vendor frames [22m
  5   tests/Feature/DetectBelongsToVendorTest.php:30
  6   tests/Feature/DetectBelongsToVendorTest.php:58

  ────────────────────────────────────────────────────────────────────────────  
   FAILED  Tests\Feature\DetectBelongsToVendorTest >…  BadMethodCallException   
  Call to undefined method App\Models\Vendor::shouldReceive()

  at vendor/laravel/framework/src/Illuminate/Support/Traits/ForwardsCalls.php:67
     63▕      * @throws \BadMethodCallException
     64▕      */
     65▕     protected static function throwBadMethodCallException($method)
     66▕     {
  ➜  67▕         throw new BadMethodCallException(sprintf(
     68▕             'Call to undefined method %s::%s()', static::class, $method
     69▕         ));
     70▕     }
     71▕ }

      [2m+4 vendor frames [22m
  5   tests/Feature/DetectBelongsToVendorTest.php:30
  6   tests/Feature/DetectBelongsToVendorTest.php:66

  ────────────────────────────────────────────────────────────────────────────  
   FAILED  Tests\Feature\DetectBelongsToVendorTest >…  BadMethodCallException   
  Call to undefined method App\Models\Vendor::shouldReceive()

  at vendor/laravel/framework/src/Illuminate/Support/Traits/ForwardsCalls.php:67
     63▕      * @throws \BadMethodCallException
     64▕      */
     65▕     protected static function throwBadMethodCallException($method)
     66▕     {
  ➜  67▕         throw new BadMethodCallException(sprintf(
     68▕             'Call to undefined method %s::%s()', static::class, $method
     69▕         ));
     70▕     }
     71▕ }

      [2m+4 vendor frames [22m
  5   tests/Feature/DetectBelongsToVendorTest.php:30
  6   tests/Feature/DetectBelongsToVendorTest.php:74

  ────────────────────────────────────────────────────────────────────────────  
   FAILED  Tests\Feature\DetectBelongsToVendorTest >…  BadMethodCallException   
  Call to undefined method App\Models\Vendor::shouldReceive()

  at vendor/laravel/framework/src/Illuminate/Support/Traits/ForwardsCalls.php:67
     63▕      * @throws \BadMethodCallException
     64▕      */
     65▕     protected static function throwBadMethodCallException($method)
     66▕     {
  ➜  67▕         throw new BadMethodCallException(sprintf(
     68▕             'Call to undefined method %s::%s()', static::class, $method
     69▕         ));
     70▕     }
     71▕ }

      [2m+4 vendor frames [22m
  5   tests/Feature/DetectBelongsToVendorTest.php:30
  6   tests/Feature/DetectBelongsToVendorTest.php:82

  ────────────────────────────────────────────────────────────────────────────  
   FAILED  Tests\Feature\DetectBelongsToVendorTest >…  BadMethodCallException   
  Call to undefined method App\Models\User::shouldReceive()

  at vendor/laravel/framework/src/Illuminate/Support/Traits/ForwardsCalls.php:67
     63▕      * @throws \BadMethodCallException
     64▕      */
     65▕     protected static function throwBadMethodCallException($method)
     66▕     {
  ➜  67▕         throw new BadMethodCallException(sprintf(
     68▕             'Call to undefined method %s::%s()', static::class, $method
     69▕         ));
     70▕     }
     71▕ }

      [2m+4 vendor frames [22m
  5   tests/Feature/DetectBelongsToVendorTest.php:113

  ────────────────────────────────────────────────────────────────────────────  
   FAILED  Tests\Feature\DetectBelongsToVendorTest >…  BadMethodCallException   
  Call to undefined method App\Models\User::shouldReceive()

  at vendor/laravel/framework/src/Illuminate/Support/Traits/ForwardsCalls.php:67
     63▕      * @throws \BadMethodCallException
     64▕      */
     65▕     protected static function throwBadMethodCallException($method)
     66▕     {
  ➜  67▕         throw new BadMethodCallException(sprintf(
     68▕             'Call to undefined method %s::%s()', static::class, $method
     69▕         ));
     70▕     }
     71▕ }

      [2m+4 vendor frames [22m
  5   tests/Feature/DetectBelongsToVendorTest.php:126

  ────────────────────────────────────────────────────────────────────────────  
   FAILED  Tests\Feature\EmailTrackingPixelTest > it returns a transparent g…   
  Expected response status code [200] but received 500.
Failed asserting that 500 is identical to 200.

The following exception occurred during the last request:

PDOException: SQLSTATE[HY000]: General error: 1 no such table: email_tracking in /home/patryk/web/hive2025/vendor/laravel/framework/src/Illuminate/Database/Connection.php:420
Stack trace:
#0 /home/patryk/web/hive2025/vendor/laravel/framework/src/Illuminate/Database/Connection.php(420): PDO->prepare()
#1 /home/patryk/web/hive2025/vendor/laravel/framework/src/Illuminate/Database/Connection.php(827): Illuminate\Database\Connection->Illuminate\Database\{closure}()
#2 /home/patryk/web/hive2025/vendor/laravel/framework/src/Illuminate/Database/Connection.php(794): Illuminate\Database\Connection->runQueryCallback()
#3 /home/patryk/web/hive2025/vendor/laravel/framework/src/Illuminate/Database/Connection.php(411): Illuminate\Database\Connection->run()
#4 /home/patryk/web/hive2025/vendor/laravel/framework/src/Illuminate/Database/Query/Builder.php(3505): Illuminate\Database\Connection->select()
#5 /home/patryk/web/hive2025/vendor/laravel/framework/src/Illuminate/Database/Query/Builder.php(3490): Illuminate\Database\Query\Builder->runSelect()
#6 /home/patryk/web/hive2025/vendor/laravel/framework/src/Illuminate/Database/Query/Builder.php(4080): Illuminate\Database\Query\Builder->Illuminate\Database\Query\{closure}()
#7 /home/patryk/web/hive2025/vendor/laravel/framework/src/Illuminate/Database/Query/Builder.php(3489): Illuminate\Database\Query\Builder->onceWithColumns()
#8 /home/patryk/web/hive2025/vendor/laravel/framework/src/Illuminate/Database/Eloquent/Builder.php(902): Illuminate\Database\Query\Builder->get()
#9 /home/patryk/web/hive2025/vendor/laravel/framework/src/Illuminate/Database/Eloquent/Builder.php(884): Illuminate\Database\Eloquent\Builder->getModels()
#10 /home/patryk/web/hive2025/vendor/laravel/framework/src/Illuminate/Database/Concerns/BuildsQueries.php(366): Illuminate\Database\Eloquent\Builder->get()
#11 /home/patryk/web/hive2025/app/Http/Controllers/Api/EmailTrackingController.php(224): Illuminate\Database\Eloquent\Builder->first()
#12 /home/patryk/web/hive2025/app/Http/Controllers/Api/EmailTrackingController.php(122): App\Http\Controllers\Api\EmailTrackingController->resolveSentContext()
#13 /home/patryk/web/hive2025/app/Http/Controllers/Api/EmailTrackingController.php(52): App\Http\Controllers\Api\EmailTrackingController->recordOpenEvent()
#14 /home/patryk/web/hive2025/vendor/laravel/framework/src/Illuminate/Routing/Controller.php(54): App\Http\Controllers\Api\EmailTrackingController->trackOpen()
#15 /home/patryk/web/hive2025/vendor/laravel/framework/src/Illuminate/Routing/ControllerDispatcher.php(43): Illuminate\Routing\Controller->callAction()
#16 /home/patryk/web/hive2025/vendor/laravel/framework/src/Illuminate/Routing/Route.php(265): Illuminate\Routing\ControllerDispatcher->dispatch()
#17 /home/patryk/web/hive2025/vendor/laravel/framework/src/Illuminate/Routing/Route.php(211): Illuminate\Routing\Route->runController()
#18 /home/patryk/web/hive2025/vendor/laravel/framework/src/Illuminate/Routing/Router.php(822): Illuminate\Routing\Route->run()
#19 /home/patryk/web/hive2025/vendor/laravel/framework/src/Illuminate/Pipeline/Pipeline.php(180): Illuminate\Routing\Router->Illuminate\Routing\{closure}()
#20 /home/patryk/web/hive2025/app/Http/Middleware/LoadAuthVendor.php(22): Illuminate\Pipeline\Pipeline->Illuminate\Pipeline\{closure}()
#21 /home/patryk/web/hive2025/vendor/laravel/framework/src/Illuminate/Pipeline/Pipeline.php(219): App\Http\Middleware\LoadAuthVendor->handle()
#22 /home/patryk/web/hive2025/app/Http/Middleware/NoIndexNonPublic.php(13): Illuminate\Pipeline\Pipeline->Illuminate\Pipeline\{closure}()
#23 /home/patryk/web/hive2025/vendor/laravel/framework/src/Illuminate/Pipeline/Pipeline.php(219): App\Http\Middleware\NoIndexNonPublic->handle()
#24 /home/patryk/web/hive2025/app/Http/Middleware/NoIndexSubdomains.php(18): Illuminate\Pipeline\Pipeline->Illuminate\Pipeline\{closure}()
#25 /home/patryk/web/hive2025/vendor/laravel/framework/src/Illuminate/Pipeline/Pipeline.php(219): App\Http\Middleware\NoIndexSubdomains->handle()
#26 /home/patryk/web/hive2025/vendor/laravel/framework/src/Illuminate/Routing/Middleware/SubstituteBindings.php(50): Illuminate\Pipeline\Pipeline->Illuminate\Pipeline\{closure}()
#27 /home/patryk/web/hive2025/vendor/laravel/framework/src/Illuminate/Pipeline/Pipeline.php(219): Illuminate\Routing\Middleware\SubstituteBindings->handle()
#28 /home/patryk/web/hive2025/vendor/laravel/framework/src/Illuminate/Foundation/Http/Middleware/VerifyCsrfToken.php(87): Illuminate\Pipeline\Pipeline->Illuminate\Pipeline\{closure}()
#29 /home/patryk/web/hive2025/vendor/laravel/framework/src/Illuminate/Pipeline/Pipeline.php(219): Illuminate\Foundation\Http\Middleware\VerifyCsrfToken->handle()
#30 /home/patryk/web/hive2025/vendor/laravel/framework/src/Illuminate/View/Middleware/ShareErrorsFromSession.php(48): Illuminate\Pipeline\Pipeline->Illuminate\Pipeline\{closure}()
#31 /home/patryk/web/hive2025/vendor/laravel/framework/src/Illuminate/Pipeline/Pipeline.php(219): Illuminate\View\Middleware\ShareErrorsFromSession->handle()
#32 /home/patryk/web/hive2025/vendor/laravel/framework/src/Illuminate/Session/Middleware/StartSession.php(120): Illuminate\Pipeline\Pipeline->Illuminate\Pipeline\{closure}()
#33 /home/patryk/web/hive2025/vendor/laravel/framework/src/Illuminate/Session/Middleware/StartSession.php(63): Illuminate\Session\Middleware\StartSession->handleStatefulRequest()
#34 /home/patryk/web/hive2025/vendor/laravel/framework/src/Illuminate/Pipeline/Pipeline.php(219): Illuminate\Session\Middleware\StartSession->handle()
#35 /home/patryk/web/hive2025/vendor/laravel/framework/src/Illuminate/Cookie/Middleware/AddQueuedCookiesToResponse.php(36): Illuminate\Pipeline\Pipeline->Illuminate\Pipeline\{closure}()
#36 /home/patryk/web/hive2025/vendor/laravel/framework/src/Illuminate/Pipeline/Pipeline.php(219): Illuminate\Cookie\Middleware\AddQueuedCookiesToResponse->handle()
#37 /home/patryk/web/hive2025/vendor/laravel/framework/src/Illuminate/Cookie/Middleware/EncryptCookies.php(74): Illuminate\Pipeline\Pipeline->Illuminate\Pipeline\{closure}()
#38 /home/patryk/web/hive2025/vendor/laravel/framework/src/Illuminate/Pipeline/Pipeline.php(219): Illuminate\Cookie\Middleware\EncryptCookies->handle()
#39 /home/patryk/web/hive2025/vendor/laravel/framework/src/Illuminate/Pipeline/Pipeline.php(137): Illuminate\Pipeline\Pipeline->Illuminate\Pipeline\{closure}()
#40 /home/patryk/web/hive2025/vendor/laravel/framework/src/Illuminate/Routing/Router.php(821): Illuminate\Pipeline\Pipeline->then()
#41 /home/patryk/web/hive2025/vendor/laravel/framework/src/Illuminate/Routing/Router.php(800): Illuminate\Routing\Router->runRouteWithinStack()
#42 /home/patryk/web/hive2025/vendor/laravel/framework/src/Illuminate/Routing/Router.php(764): Illuminate\Routing\Router->runRoute()
#43 /home/patryk/web/hive2025/vendor/laravel/framework/src/Illuminate/Routing/Router.php(753): Illuminate\Routing\Router->dispatchToRoute()
#44 /home/patryk/web/hive2025/vendor/laravel/framework/src/Illuminate/Foundation/Http/Kernel.php(200): Illuminate\Routing\Router->dispatch()
#45 /home/patryk/web/hive2025/vendor/laravel/framework/src/Illuminate/Pipeline/Pipeline.php(180): Illuminate\Foundation\Http\Kernel->Illuminate\Foundation\Http\{closure}()
#46 /home/patryk/web/hive2025/vendor/livewire/livewire/src/Features/SupportDisablingBackButtonCache/DisableBackButtonCacheMiddleware.php(19): Illuminate\Pipeline\Pipeline->Illuminate\Pipeline\{closure}()
#47 /home/patryk/web/hive2025/vendor/laravel/framework/src/Illuminate/Pipeline/Pipeline.php(219): Livewire\Features\SupportDisablingBackButtonCache\DisableBackButtonCacheMiddleware->handle()
#48 /home/patryk/web/hive2025/vendor/laravel/framework/src/Illuminate/Foundation/Http/Middleware/TransformsRequest.php(21): Illuminate\Pipeline\Pipeline->Illuminate\Pipeline\{closure}()
#49 /home/patryk/web/hive2025/vendor/laravel/framework/src/Illuminate/Foundation/Http/Middleware/ConvertEmptyStringsToNull.php(31): Illuminate\Foundation\Http\Middleware\TransformsRequest->handle()
#50 /home/patryk/web/hive2025/vendor/laravel/framework/src/Illuminate/Pipeline/Pipeline.php(219): Illuminate\Foundation\Http\Middleware\ConvertEmptyStringsToNull->handle()
#51 /home/patryk/web/hive2025/vendor/laravel/framework/src/Illuminate/Foundation/Http/Middleware/TransformsRequest.php(21): Illuminate\Pipeline\Pipeline->Illuminate\Pipeline\{closure}()
#52 /home/patryk/web/hive2025/vendor/laravel/framework/src/Illuminate/Foundation/Http/Middleware/TrimStrings.php(51): Illuminate\Foundation\Http\Middleware\TransformsRequest->handle()
#53 /home/patryk/web/hive2025/vendor/laravel/framework/src/Illuminate/Pipeline/Pipeline.php(219): Illuminate\Foundation\Http\Middleware\TrimStrings->handle()
#54 /home/patryk/web/hive2025/vendor/laravel/framework/src/Illuminate/Http/Middleware/ValidatePostSize.php(27): Illuminate\Pipeline\Pipeline->Illuminate\Pipeline\{closure}()
#55 /home/patryk/web/hive2025/vendor/laravel/framework/src/Illuminate/Pipeline/Pipeline.php(219): Illuminate\Http\Middleware\ValidatePostSize->handle()
#56 /home/patryk/web/hive2025/vendor/laravel/framework/src/Illuminate/Foundation/Http/Middleware/PreventRequestsDuringMaintenance.php(109): Illuminate\Pipeline\Pipeline->Illuminate\Pipeline\{closure}()
#57 /home/patryk/web/hive2025/vendor/laravel/framework/src/Illuminate/Pipeline/Pipeline.php(219): Illuminate\Foundation\Http\Middleware\PreventRequestsDuringMaintenance->handle()
#58 /home/patryk/web/hive2025/vendor/laravel/framework/src/Illuminate/Http/Middleware/HandleCors.php(61): Illuminate\Pipeline\Pipeline->Illuminate\Pipeline\{closure}()
#59 /home/patryk/web/hive2025/vendor/laravel/framework/src/Illuminate/Pipeline/Pipeline.php(219): Illuminate\Http\Middleware\HandleCors->handle()
#60 /home/patryk/web/hive2025/vendor/laravel/framework/src/Illuminate/Http/Middleware/TrustProxies.php(58): Illuminate\Pipeline\Pipeline->Illuminate\Pipeline\{closure}()
#61 /home/patryk/web/hive2025/vendor/laravel/framework/src/Illuminate/Pipeline/Pipeline.php(219): Illuminate\Http\Middleware\TrustProxies->handle()
#62 /home/patryk/web/hive2025/vendor/laravel/framework/src/Illuminate/Foundation/Http/Middleware/InvokeDeferredCallbacks.php(22): Illuminate\Pipeline\Pipeline->Illuminate\Pipeline\{closure}()
#63 /home/patryk/web/hive2025/vendor/laravel/framework/src/Illuminate/Pipeline/Pipeline.php(219): Illuminate\Foundation\Http\Middleware\InvokeDeferredCallbacks->handle()
#64 /home/patryk/web/hive2025/vendor/laravel/framework/src/Illuminate/Http/Middleware/ValidatePathEncoding.php(26): Illuminate\Pipeline\Pipeline->Illuminate\Pipeline\{closure}()
#65 /home/patryk/web/hive2025/vendor/laravel/framework/src/Illuminate/Pipeline/Pipeline.php(219): Illuminate\Http\Middleware\ValidatePathEncoding->handle()
#66 /home/patryk/web/hive2025/app/Http/Middleware/RedirectLegacyDomains.php(28): Illuminate\Pipeline\Pipeline->Illuminate\Pipeline\{closure}()
#67 /home/patryk/web/hive2025/vendor/laravel/framework/src/Illuminate/Pipeline/Pipeline.php(219): App\Http\Middleware\RedirectLegacyDomains->handle()
#68 /home/patryk/web/hive2025/vendor/laravel/framework/src/Illuminate/Pipeline/Pipeline.php(137): Illuminate\Pipeline\Pipeline->Illuminate\Pipeline\{closure}()
#69 /home/patryk/web/hive2025/vendor/laravel/framework/src/Illuminate/Foundation/Http/Kernel.php(175): Illuminate\Pipeline\Pipeline->then()
#70 /home/patryk/web/hive2025/vendor/laravel/framework/src/Illuminate/Foundation/Http/Kernel.php(144): Illuminate\Foundation\Http\Kernel->sendRequestThroughRouter()
#71 /home/patryk/web/hive2025/vendor/laravel/framework/src/Illuminate/Foundation/Testing/Concerns/MakesHttpRequests.php(607): Illuminate\Foundation\Http\Kernel->handle()
#72 /home/patryk/web/hive2025/vendor/laravel/framework/src/Illuminate/Foundation/Testing/Concerns/MakesHttpRequests.php(368): Illuminate\Foundation\Testing\TestCase->call()
#73 /home/patryk/web/hive2025/tests/Feature/EmailTrackingPixelTest.php(15): Illuminate\Foundation\Testing\TestCase->get()
#74 /home/patryk/web/hive2025/vendor/pestphp/pest/src/Factories/TestCaseMethodFactory.php(171): P\Tests\Feature\EmailTrackingPixelTest->{closure}()
#75 [internal function]: P\Tests\Feature\EmailTrackingPixelTest->Pest\Factories\{closure}()
#76 /home/patryk/web/hive2025/vendor/pestphp/pest/src/Concerns/Testable.php(419): call_user_func_array()
#77 /home/patryk/web/hive2025/vendor/pestphp/pest/src/Support/ExceptionTrace.php(26): P\Tests\Feature\EmailTrackingPixelTest->Pest\Concerns\{closure}()
#78 /home/patryk/web/hive2025/vendor/pestphp/pest/src/Concerns/Testable.php(419): Pest\Support\ExceptionTrace::ensure()
#79 /home/patryk/web/hive2025/vendor/pestphp/pest/src/Concerns/Testable.php(321): P\Tests\Feature\EmailTrackingPixelTest->__callClosure()
#80 /home/patryk/web/hive2025/vendor/pestphp/pest/src/Factories/TestCaseFactory.php(170) : eval()'d code(17): P\Tests\Feature\EmailTrackingPixelTest->__runTest()
#81 /home/patryk/web/hive2025/vendor/phpunit/phpunit/src/Framework/TestCase.php(1667): P\Tests\Feature\EmailTrackingPixelTest->__pest_evaluable_it_returns_a_transparent_gif_pixel_for_valid_tracking_request()
#82 /home/patryk/web/hive2025/vendor/phpunit/phpunit/src/Framework/TestCase.php(519): PHPUnit\Framework\TestCase->runTest()
#83 /home/patryk/web/hive2025/vendor/phpunit/phpunit/src/Framework/TestRunner/TestRunner.php(87): PHPUnit\Framework\TestCase->runBare()
#84 /home/patryk/web/hive2025/vendor/phpunit/phpunit/src/Framework/TestCase.php(365): PHPUnit\Framework\TestRunner->run()
#85 /home/patryk/web/hive2025/vendor/phpunit/phpunit/src/Framework/TestSuite.php(369): PHPUnit\Framework\TestCase->run()
#86 /home/patryk/web/hive2025/vendor/phpunit/phpunit/src/Framework/TestSuite.php(369): PHPUnit\Framework\TestSuite->run()
#87 /home/patryk/web/hive2025/vendor/phpunit/phpunit/src/Framework/TestSuite.php(369): PHPUnit\Framework\TestSuite->run()
#88 /home/patryk/web/hive2025/vendor/phpunit/phpunit/src/TextUI/TestRunner.php(64): PHPUnit\Framework\TestSuite->run()
#89 /home/patryk/web/hive2025/vendor/phpunit/phpunit/src/TextUI/Application.php(211): PHPUnit\TextUI\TestRunner->run()
#90 /home/patryk/web/hive2025/vendor/pestphp/pest/src/Kernel.php(103): PHPUnit\TextUI\Application->run()
#91 /home/patryk/web/hive2025/vendor/pestphp/pest/bin/pest(184): Pest\Kernel->handle()
#92 /home/patryk/web/hive2025/vendor/pestphp/pest/bin/pest(192): {closure}()
#93 {main}

Next Illuminate\Database\QueryException: SQLSTATE[HY000]: General error: 1 no such table: email_tracking (Connection: sqlite, Database: :memory:, SQL: select * from "email_tracking" where "event_type" = sent and ("message_id" = test-message-6a0a559f745f8 or json_extract("metadata", '$."pre_send_tracking_id"') = test-message-6a0a559f745f8) order by "event_at" desc limit 1) in /home/patryk/web/hive2025/vendor/laravel/framework/src/Illuminate/Database/Connection.php:838
Stack trace:
#0 /home/patryk/web/hive2025/vendor/laravel/framework/src/Illuminate/Database/Connection.php(794): Illuminate\Database\Connection->runQueryCallback()
#1 /home/patryk/web/hive2025/vendor/laravel/framework/src/Illuminate/Database/Connection.php(411): Illuminate\Database\Connection->run()
#2 /home/patryk/web/hive2025/vendor/laravel/framework/src/Illuminate/Database/Query/Builder.php(3505): Illuminate\Database\Connection->select()
#3 /home/patryk/web/hive2025/vendor/laravel/framework/src/Illuminate/Database/Query/Builder.php(3490): Illuminate\Database\Query\Builder->runSelect()
#4 /home/patryk/web/hive2025/vendor/laravel/framework/src/Illuminate/Database/Query/Builder.php(4080): Illuminate\Database\Query\Builder->Illuminate\Database\Query\{closure}()
#5 /home/patryk/web/hive2025/vendor/laravel/framework/src/Illuminate/Database/Query/Builder.php(3489): Illuminate\Database\Query\Builder->onceWithColumns()
#6 /home/patryk/web/hive2025/vendor/laravel/framework/src/Illuminate/Database/Eloquent/Builder.php(902): Illuminate\Database\Query\Builder->get()
#7 /home/patryk/web/hive2025/vendor/laravel/framework/src/Illuminate/Database/Eloquent/Builder.php(884): Illuminate\Database\Eloquent\Builder->getModels()
#8 /home/patryk/web/hive2025/vendor/laravel/framework/src/Illuminate/Database/Concerns/BuildsQueries.php(366): Illuminate\Database\Eloquent\Builder->get()
#9 /home/patryk/web/hive2025/app/Http/Controllers/Api/EmailTrackingController.php(224): Illuminate\Database\Eloquent\Builder->first()
#10 /home/patryk/web/hive2025/app/Http/Controllers/Api/EmailTrackingController.php(122): App\Http\Controllers\Api\EmailTrackingController->resolveSentContext()
#11 /home/patryk/web/hive2025/app/Http/Controllers/Api/EmailTrackingController.php(52): App\Http\Controllers\Api\EmailTrackingController->recordOpenEvent()
#12 /home/patryk/web/hive2025/vendor/laravel/framework/src/Illuminate/Routing/Controller.php(54): App\Http\Controllers\Api\EmailTrackingController->trackOpen()
#13 /home/patryk/web/hive2025/vendor/laravel/framework/src/Illuminate/Routing/ControllerDispatcher.php(43): Illuminate\Routing\Controller->callAction()
#14 /home/patryk/web/hive2025/vendor/laravel/framework/src/Illuminate/Routing/Route.php(265): Illuminate\Routing\ControllerDispatcher->dispatch()
#15 /home/patryk/web/hive2025/vendor/laravel/framework/src/Illuminate/Routing/Route.php(211): Illuminate\Routing\Route->runController()
#16 /home/patryk/web/hive2025/vendor/laravel/framework/src/Illuminate/Routing/Router.php(822): Illuminate\Routing\Route->run()
#17 /home/patryk/web/hive2025/vendor/laravel/framework/src/Illuminate/Pipeline/Pipeline.php(180): Illuminate\Routing\Router->Illuminate\Routing\{closure}()
#18 /home/patryk/web/hive2025/app/Http/Middleware/LoadAuthVendor.php(22): Illuminate\Pipeline\Pipeline->Illuminate\Pipeline\{closure}()
#19 /home/patryk/web/hive2025/vendor/laravel/framework/src/Illuminate/Pipeline/Pipeline.php(219): App\Http\Middleware\LoadAuthVendor->handle()
#20 /home/patryk/web/hive2025/app/Http/Middleware/NoIndexNonPublic.php(13): Illuminate\Pipeline\Pipeline->Illuminate\Pipeline\{closure}()
#21 /home/patryk/web/hive2025/vendor/laravel/framework/src/Illuminate/Pipeline/Pipeline.php(219): App\Http\Middleware\NoIndexNonPublic->handle()
#22 /home/patryk/web/hive2025/app/Http/Middleware/NoIndexSubdomains.php(18): Illuminate\Pipeline\Pipeline->Illuminate\Pipeline\{closure}()
#23 /home/patryk/web/hive2025/vendor/laravel/framework/src/Illuminate/Pipeline/Pipeline.php(219): App\Http\Middleware\NoIndexSubdomains->handle()
#24 /home/patryk/web/hive2025/vendor/laravel/framework/src/Illuminate/Routing/Middleware/SubstituteBindings.php(50): Illuminate\Pipeline\Pipeline->Illuminate\Pipeline\{closure}()
#25 /home/patryk/web/hive2025/vendor/laravel/framework/src/Illuminate/Pipeline/Pipeline.php(219): Illuminate\Routing\Middleware\SubstituteBindings->handle()
#26 /home/patryk/web/hive2025/vendor/laravel/framework/src/Illuminate/Foundation/Http/Middleware/VerifyCsrfToken.php(87): Illuminate\Pipeline\Pipeline->Illuminate\Pipeline\{closure}()
#27 /home/patryk/web/hive2025/vendor/laravel/framework/src/Illuminate/Pipeline/Pipeline.php(219): Illuminate\Foundation\Http\Middleware\VerifyCsrfToken->handle()
#28 /home/patryk/web/hive2025/vendor/laravel/framework/src/Illuminate/View/Middleware/ShareErrorsFromSession.php(48): Illuminate\Pipeline\Pipeline->Illuminate\Pipeline\{closure}()
#29 /home/patryk/web/hive2025/vendor/laravel/framework/src/Illuminate/Pipeline/Pipeline.php(219): Illuminate\View\Middleware\ShareErrorsFromSession->handle()
#30 /home/patryk/web/hive2025/vendor/laravel/framework/src/Illuminate/Session/Middleware/StartSession.php(120): Illuminate\Pipeline\Pipeline->Illuminate\Pipeline\{closure}()
#31 /home/patryk/web/hive2025/vendor/laravel/framework/src/Illuminate/Session/Middleware/StartSession.php(63): Illuminate\Session\Middleware\StartSession->handleStatefulRequest()
#32 /home/patryk/web/hive2025/vendor/laravel/framework/src/Illuminate/Pipeline/Pipeline.php(219): Illuminate\Session\Middleware\StartSession->handle()
#33 /home/patryk/web/hive2025/vendor/laravel/framework/src/Illuminate/Cookie/Middleware/AddQueuedCookiesToResponse.php(36): Illuminate\Pipeline\Pipeline->Illuminate\Pipeline\{closure}()
#34 /home/patryk/web/hive2025/vendor/laravel/framework/src/Illuminate/Pipeline/Pipeline.php(219): Illuminate\Cookie\Middleware\AddQueuedCookiesToResponse->handle()
#35 /home/patryk/web/hive2025/vendor/laravel/framework/src/Illuminate/Cookie/Middleware/EncryptCookies.php(74): Illuminate\Pipeline\Pipeline->Illuminate\Pipeline\{closure}()
#36 /home/patryk/web/hive2025/vendor/laravel/framework/src/Illuminate/Pipeline/Pipeline.php(219): Illuminate\Cookie\Middleware\EncryptCookies->handle()
#37 /home/patryk/web/hive2025/vendor/laravel/framework/src/Illuminate/Pipeline/Pipeline.php(137): Illuminate\Pipeline\Pipeline->Illuminate\Pipeline\{closure}()
#38 /home/patryk/web/hive2025/vendor/laravel/framework/src/Illuminate/Routing/Router.php(821): Illuminate\Pipeline\Pipeline->then()
#39 /home/patryk/web/hive2025/vendor/laravel/framework/src/Illuminate/Routing/Router.php(800): Illuminate\Routing\Router->runRouteWithinStack()
#40 /home/patryk/web/hive2025/vendor/laravel/framework/src/Illuminate/Routing/Router.php(764): Illuminate\Routing\Router->runRoute()
#41 /home/patryk/web/hive2025/vendor/laravel/framework/src/Illuminate/Routing/Router.php(753): Illuminate\Routing\Router->dispatchToRoute()
#42 /home/patryk/web/hive2025/vendor/laravel/framework/src/Illuminate/Foundation/Http/Kernel.php(200): Illuminate\Routing\Router->dispatch()
#43 /home/patryk/web/hive2025/vendor/laravel/framework/src/Illuminate/Pipeline/Pipeline.php(180): Illuminate\Foundation\Http\Kernel->Illuminate\Foundation\Http\{closure}()
#44 /home/patryk/web/hive2025/vendor/livewire/livewire/src/Features/SupportDisablingBackButtonCache/DisableBackButtonCacheMiddleware.php(19): Illuminate\Pipeline\Pipeline->Illuminate\Pipeline\{closure}()
#45 /home/patryk/web/hive2025/vendor/laravel/framework/src/Illuminate/Pipeline/Pipeline.php(219): Livewire\Features\SupportDisablingBackButtonCache\DisableBackButtonCacheMiddleware->handle()
#46 /home/patryk/web/hive2025/vendor/laravel/framework/src/Illuminate/Foundation/Http/Middleware/TransformsRequest.php(21): Illuminate\Pipeline\Pipeline->Illuminate\Pipeline\{closure}()
#47 /home/patryk/web/hive2025/vendor/laravel/framework/src/Illuminate/Foundation/Http/Middleware/ConvertEmptyStringsToNull.php(31): Illuminate\Foundation\Http\Middleware\TransformsRequest->handle()
#48 /home/patryk/web/hive2025/vendor/laravel/framework/src/Illuminate/Pipeline/Pipeline.php(219): Illuminate\Foundation\Http\Middleware\ConvertEmptyStringsToNull->handle()
#49 /home/patryk/web/hive2025/vendor/laravel/framework/src/Illuminate/Foundation/Http/Middleware/TransformsRequest.php(21): Illuminate\Pipeline\Pipeline->Illuminate\Pipeline\{closure}()
#50 /home/patryk/web/hive2025/vendor/laravel/framework/src/Illuminate/Foundation/Http/Middleware/TrimStrings.php(51): Illuminate\Foundation\Http\Middleware\TransformsRequest->handle()
#51 /home/patryk/web/hive2025/vendor/laravel/framework/src/Illuminate/Pipeline/Pipeline.php(219): Illuminate\Foundation\Http\Middleware\TrimStrings->handle()
#52 /home/patryk/web/hive2025/vendor/laravel/framework/src/Illuminate/Http/Middleware/ValidatePostSize.php(27): Illuminate\Pipeline\Pipeline->Illuminate\Pipeline\{closure}()
#53 /home/patryk/web/hive2025/vendor/laravel/framework/src/Illuminate/Pipeline/Pipeline.php(219): Illuminate\Http\Middleware\ValidatePostSize->handle()
#54 /home/patryk/web/hive2025/vendor/laravel/framework/src/Illuminate/Foundation/Http/Middleware/PreventRequestsDuringMaintenance.php(109): Illuminate\Pipeline\Pipeline->Illuminate\Pipeline\{closure}()
#55 /home/patryk/web/hive2025/vendor/laravel/framework/src/Illuminate/Pipeline/Pipeline.php(219): Illuminate\Foundation\Http\Middleware\PreventRequestsDuringMaintenance->handle()
#56 /home/patryk/web/hive2025/vendor/laravel/framework/src/Illuminate/Http/Middleware/HandleCors.php(61): Illuminate\Pipeline\Pipeline->Illuminate\Pipeline\{closure}()
#57 /home/patryk/web/hive2025/vendor/laravel/framework/src/Illuminate/Pipeline/Pipeline.php(219): Illuminate\Http\Middleware\HandleCors->handle()
#58 /home/patryk/web/hive2025/vendor/laravel/framework/src/Illuminate/Http/Middleware/TrustProxies.php(58): Illuminate\Pipeline\Pipeline->Illuminate\Pipeline\{closure}()
#59 /home/patryk/web/hive2025/vendor/laravel/framework/src/Illuminate/Pipeline/Pipeline.php(219): Illuminate\Http\Middleware\TrustProxies->handle()
#60 /home/patryk/web/hive2025/vendor/laravel/framework/src/Illuminate/Foundation/Http/Middleware/InvokeDeferredCallbacks.php(22): Illuminate\Pipeline\Pipeline->Illuminate\Pipeline\{closure}()
#61 /home/patryk/web/hive2025/vendor/laravel/framework/src/Illuminate/Pipeline/Pipeline.php(219): Illuminate\Foundation\Http\Middleware\InvokeDeferredCallbacks->handle()
#62 /home/patryk/web/hive2025/vendor/laravel/framework/src/Illuminate/Http/Middleware/ValidatePathEncoding.php(26): Illuminate\Pipeline\Pipeline->Illuminate\Pipeline\{closure}()
#63 /home/patryk/web/hive2025/vendor/laravel/framework/src/Illuminate/Pipeline/Pipeline.php(219): Illuminate\Http\Middleware\ValidatePathEncoding->handle()
#64 /home/patryk/web/hive2025/app/Http/Middleware/RedirectLegacyDomains.php(28): Illuminate\Pipeline\Pipeline->Illuminate\Pipeline\{closure}()
#65 /home/patryk/web/hive2025/vendor/laravel/framework/src/Illuminate/Pipeline/Pipeline.php(219): App\Http\Middleware\RedirectLegacyDomains->handle()
#66 /home/patryk/web/hive2025/vendor/laravel/framework/src/Illuminate/Pipeline/Pipeline.php(137): Illuminate\Pipeline\Pipeline->Illuminate\Pipeline\{closure}()
#67 /home/patryk/web/hive2025/vendor/laravel/framework/src/Illuminate/Foundation/Http/Kernel.php(175): Illuminate\Pipeline\Pipeline->then()
#68 /home/patryk/web/hive2025/vendor/laravel/framework/src/Illuminate/Foundation/Http/Kernel.php(144): Illuminate\Foundation\Http\Kernel->sendRequestThroughRouter()
#69 /home/patryk/web/hive2025/vendor/laravel/framework/src/Illuminate/Foundation/Testing/Concerns/MakesHttpRequests.php(607): Illuminate\Foundation\Http\Kernel->handle()
#70 /home/patryk/web/hive2025/vendor/laravel/framework/src/Illuminate/Foundation/Testing/Concerns/MakesHttpRequests.php(368): Illuminate\Foundation\Testing\TestCase->call()
#71 /home/patryk/web/hive2025/tests/Feature/EmailTrackingPixelTest.php(15): Illuminate\Foundation\Testing\TestCase->get()
#72 /home/patryk/web/hive2025/vendor/pestphp/pest/src/Factories/TestCaseMethodFactory.php(171): P\Tests\Feature\EmailTrackingPixelTest->{closure}()
#73 [internal function]: P\Tests\Feature\EmailTrackingPixelTest->Pest\Factories\{closure}()
#74 /home/patryk/web/hive2025/vendor/pestphp/pest/src/Concerns/Testable.php(419): call_user_func_array()
#75 /home/patryk/web/hive2025/vendor/pestphp/pest/src/Support/ExceptionTrace.php(26): P\Tests\Feature\EmailTrackingPixelTest->Pest\Concerns\{closure}()
#76 /home/patryk/web/hive2025/vendor/pestphp/pest/src/Concerns/Testable.php(419): Pest\Support\ExceptionTrace::ensure()
#77 /home/patryk/web/hive2025/vendor/pestphp/pest/src/Concerns/Testable.php(321): P\Tests\Feature\EmailTrackingPixelTest->__callClosure()
#78 /home/patryk/web/hive2025/vendor/pestphp/pest/src/Factories/TestCaseFactory.php(170) : eval()'d code(17): P\Tests\Feature\EmailTrackingPixelTest->__runTest()
#79 /home/patryk/web/hive2025/vendor/phpunit/phpunit/src/Framework/TestCase.php(1667): P\Tests\Feature\EmailTrackingPixelTest->__pest_evaluable_it_returns_a_transparent_gif_pixel_for_valid_tracking_request()
#80 /home/patryk/web/hive2025/vendor/phpunit/phpunit/src/Framework/TestCase.php(519): PHPUnit\Framework\TestCase->runTest()
#81 /home/patryk/web/hive2025/vendor/phpunit/phpunit/src/Framework/TestRunner/TestRunner.php(87): PHPUnit\Framework\TestCase->runBare()
#82 /home/patryk/web/hive2025/vendor/phpunit/phpunit/src/Framework/TestCase.php(365): PHPUnit\Framework\TestRunner->run()
#83 /home/patryk/web/hive2025/vendor/phpunit/phpunit/src/Framework/TestSuite.php(369): PHPUnit\Framework\TestCase->run()
#84 /home/patryk/web/hive2025/vendor/phpunit/phpunit/src/Framework/TestSuite.php(369): PHPUnit\Framework\TestSuite->run()
#85 /home/patryk/web/hive2025/vendor/phpunit/phpunit/src/Framework/TestSuite.php(369): PHPUnit\Framework\TestSuite->run()
#86 /home/patryk/web/hive2025/vendor/phpunit/phpunit/src/TextUI/TestRunner.php(64): PHPUnit\Framework\TestSuite->run()
#87 /home/patryk/web/hive2025/vendor/phpunit/phpunit/src/TextUI/Application.php(211): PHPUnit\TextUI\TestRunner->run()
#88 /home/patryk/web/hive2025/vendor/pestphp/pest/src/Kernel.php(103): PHPUnit\TextUI\Application->run()
#89 /home/patryk/web/hive2025/vendor/pestphp/pest/bin/pest(184): Pest\Kernel->handle()
#90 /home/patryk/web/hive2025/vendor/pestphp/pest/bin/pest(192): {closure}()
#91 {main}

----------------------------------------------------------------------------------

SQLSTATE[HY000]: General error: 1 no such table: email_tracking (Connection: sqlite, Database: :memory:, SQL: select * from "email_tracking" where "event_type" = sent and ("message_id" = test-message-6a0a559f745f8 or json_extract("metadata", '$."pre_send_tracking_id"') = test-message-6a0a559f745f8) order by "event_at" desc limit 1)

  at tests/Feature/EmailTrackingPixelTest.php:17
     13▕     );
     14▕ 
     15▕     $response = $this->get($url);
     16▕ 
  ➜  17▕     $response->assertStatus(200);
     18▕     $response->assertHeader('Content-Type', 'image/gif');
     19▕ });
     20▕ 
     21▕ it('records an open event with recipient email', function () {

  ────────────────────────────────────────────────────────────────────────────  
   FAILED  Tests\Feature\EmailTrackingPixelTest > it records…  QueryException   
  SQLSTATE[HY000]: General error: 1 no such table: email_tracking (Connection: sqlite, Database: :memory:, SQL: select * from "email_tracking" where "message_id" = test-message-6a0a559f9cef0 and "event_type" = opened limit 1)

  at vendor/laravel/framework/src/Illuminate/Database/Connection.php:420
    416▕             // For select statements, we'll simply execute the query and return an array
    417▕             // of the database result set. Each element in the array will be a single
    418▕             // row from the database table, and will either be an array or objects.
    419▕             $statement = $this->prepared(
  ➜ 420▕                 $this->getPdoForSelect($useReadPdo)->prepare($query)
    421▕             );
    422▕ 
    423▕             $this->bindValues($statement, $this->prepareBindings($bindings));
    424▕

      [2m+11 vendor frames [22m
  12  tests/Feature/EmailTrackingPixelTest.php:37

  ────────────────────────────────────────────────────────────────────────────  
   FAILED  Tests\Feature\EmailTrackingPixelTest > it records…  QueryException   
  SQLSTATE[HY000]: General error: 1 no such table: email_tracking (Connection: sqlite, Database: :memory:, SQL: select * from "email_tracking" where "message_id" = test-message-6a0a559fc10a5 and "event_type" = opened limit 1)

  at vendor/laravel/framework/src/Illuminate/Database/Connection.php:420
    416▕             // For select statements, we'll simply execute the query and return an array
    417▕             // of the database result set. Each element in the array will be a single
    418▕             // row from the database table, and will either be an array or objects.
    419▕             $statement = $this->prepared(
  ➜ 420▕                 $this->getPdoForSelect($useReadPdo)->prepare($query)
    421▕             );
    422▕ 
    423▕             $this->bindValues($statement, $this->prepareBindings($bindings));
    424▕

      [2m+11 vendor frames [22m
  12  tests/Feature/EmailTrackingPixelTest.php:61

  ────────────────────────────────────────────────────────────────────────────  
   FAILED  Tests\Feature\EmailTrackingPixelTest > it records…  QueryException   
  SQLSTATE[HY000]: General error: 1 no such table: email_tracking (Connection: sqlite, Database: :memory:, SQL: select * from "email_tracking" where "message_id" = test-message-6a0a559fe4a66 limit 1)

  at vendor/laravel/framework/src/Illuminate/Database/Connection.php:420
    416▕             // For select statements, we'll simply execute the query and return an array
    417▕             // of the database result set. Each element in the array will be a single
    418▕             // row from the database table, and will either be an array or objects.
    419▕             $statement = $this->prepared(
  ➜ 420▕                 $this->getPdoForSelect($useReadPdo)->prepare($query)
    421▕             );
    422▕ 
    423▕             $this->bindValues($statement, $this->prepareBindings($bindings));
    424▕

      [2m+11 vendor frames [22m
  12  tests/Feature/EmailTrackingPixelTest.php:84

  ────────────────────────────────────────────────────────────────────────────  
   FAILED  Tests\Feature\EmailTrackingPixelTest > it suppres…  QueryException   
  SQLSTATE[HY000]: General error: 1 no such table: email_tracking (Connection: sqlite, Database: :memory:, SQL: select count(*) as aggregate from "email_tracking" where "message_id" = test-message-6a0a55a013332 and "event_type" = opened)

  at vendor/laravel/framework/src/Illuminate/Database/Connection.php:420
    416▕             // For select statements, we'll simply execute the query and return an array
    417▕             // of the database result set. Each element in the array will be a single
    418▕             // row from the database table, and will either be an array or objects.
    419▕             $statement = $this->prepared(
  ➜ 420▕                 $this->getPdoForSelect($useReadPdo)->prepare($query)
    421▕             );
    422▕ 
    423▕             $this->bindValues($statement, $this->prepareBindings($bindings));
    424▕

      [2m+11 vendor frames [22m
  12  tests/Feature/EmailTrackingPixelTest.php:108

  ────────────────────────────────────────────────────────────────────────────  
   FAILED  Tests\Feature\EmailTrackingPixelTest > it rejects…  QueryException   
  SQLSTATE[HY000]: General error: 1 no such table: email_tracking (Connection: sqlite, Database: :memory:, SQL: select count(*) as aggregate from "email_tracking" where "message_id" = test-message-invalid-sig-6a0a55a05b61d)

  at vendor/laravel/framework/src/Illuminate/Database/Connection.php:420
    416▕             // For select statements, we'll simply execute the query and return an array
    417▕             // of the database result set. Each element in the array will be a single
    418▕             // row from the database table, and will either be an array or objects.
    419▕             $statement = $this->prepared(
  ➜ 420▕                 $this->getPdoForSelect($useReadPdo)->prepare($query)
    421▕             );
    422▕ 
    423▕             $this->bindValues($statement, $this->prepareBindings($bindings));
    424▕

      [2m+11 vendor frames [22m
  12  tests/Feature/EmailTrackingPixelTest.php:140

  ────────────────────────────────────────────────────────────────────────────  
   FAILED  Tests\Feature\EstimateLineItemAllowanceTest > example                
  Expected response status code [200] but received 302.
Failed asserting that 302 is identical to 200.

  at tests/Feature/EstimateLineItemAllowanceTest.php:6
      2▕ 
      3▕ test('example', function () {
      4▕     $response = $this->get('/');
      5▕ 
  ➜   6▕     $response->assertStatus(200);
      7▕ });
      8▕

  ────────────────────────────────────────────────────────────────────────────  
   FAILED  Tests\Feature\ExampleTest > example                                  
  Expected response status code [200] but received 302.
Failed asserting that 302 is identical to 200.

  at tests/Feature/ExampleTest.php:16
     12▕     public function test_example(): void
     13▕     {
     14▕         $response = $this->get('/');
     15▕ 
  ➜  16▕         $response->assertStatus(200);
     17▕     }
     18▕ }
     19▕

  ────────────────────────────────────────────────────────────────────────────  
   FAILED  Tests\Feature\ExpenseReceiptDuplicateDetectionTest > it does not…    
  Failed asserting that true is false.

  at tests/Feature/ExpenseReceiptDuplicateDetectionTest.php:95
     91▕     $differentItems = $items;
     92▕     $differentItems['items'][0]['Quantity'] = 3;
     93▕ 
     94▕     expect(ExpenseReceipts::isDuplicateForExpense($expense->id, null, $differentItems))
  ➜  95▕         ->toBeFalse();
     96▕ });
     97▕

  1   tests/Feature/ExpenseReceiptDuplicateDetectionTest.php:95

  ────────────────────────────────────────────────────────────────────────────  
   FAILED  Tests\Feature\ReceiptControllerHandwrittenNo…  ReflectionException   
  Method App\Http\Controllers\ReceiptController::isMeaningfulHandwrittenNote() does not exist

  at tests/Feature/ReceiptControllerHandwrittenNoteFilterTest.php:9
      5▕ function invokeIsMeaningfulHandwrittenNote(string $note): bool
      6▕ {
      7▕     $controller = app(ReceiptController::class);
      8▕ 
  ➜   9▕     $method = new ReflectionMethod(ReceiptController::class, 'isMeaningfulHandwrittenNote');
     10▕     $method->setAccessible(true);
     11▕ 
     12▕     return (bool) $method->invoke($controller, $note);
     13▕ }

  1   tests/Feature/ReceiptControllerHandwrittenNoteFilterTest.php:9
  2   tests/Feature/ReceiptControllerHandwrittenNoteFilterTest.php:16

  ────────────────────────────────────────────────────────────────────────────  
   FAILED  Tests\Feature\ReceiptControllerHandwrittenNo…  ReflectionException   
  Method App\Http\Controllers\ReceiptController::isMeaningfulHandwrittenNote() does not exist

  at tests/Feature/ReceiptControllerHandwrittenNoteFilterTest.php:9
      5▕ function invokeIsMeaningfulHandwrittenNote(string $note): bool
      6▕ {
      7▕     $controller = app(ReceiptController::class);
      8▕ 
  ➜   9▕     $method = new ReflectionMethod(ReceiptController::class, 'isMeaningfulHandwrittenNote');
     10▕     $method->setAccessible(true);
     11▕ 
     12▕     return (bool) $method->invoke($controller, $note);
     13▕ }

  1   tests/Feature/ReceiptControllerHandwrittenNoteFilterTest.php:9
  2   tests/Feature/ReceiptControllerHandwrittenNoteFilterTest.php:20

  ────────────────────────────────────────────────────────────────────────────  
   FAILED  Tests\Feature\ReceiptControllerHandwrittenNo…  ReflectionException   
  Method App\Http\Controllers\ReceiptController::isMeaningfulHandwrittenNote() does not exist

  at tests/Feature/ReceiptControllerHandwrittenNoteFilterTest.php:9
      5▕ function invokeIsMeaningfulHandwrittenNote(string $note): bool
      6▕ {
      7▕     $controller = app(ReceiptController::class);
      8▕ 
  ➜   9▕     $method = new ReflectionMethod(ReceiptController::class, 'isMeaningfulHandwrittenNote');
     10▕     $method->setAccessible(true);
     11▕ 
     12▕     return (bool) $method->invoke($controller, $note);
     13▕ }

  1   tests/Feature/ReceiptControllerHandwrittenNoteFilterTest.php:9
  2   tests/Feature/ReceiptControllerHandwrittenNoteFilterTest.php:24

  ────────────────────────────────────────────────────────────────────────────  
   FAILED  Tests\Feature\Tasks\TaskCreateNotesTabTest > it do…  ViewException   
  Index `vendors_index`: Attribute `ytd_expense_sum` is not sortable. This index does not have configured sortable attributes. (View: /home/patryk/web/hive2025/resources/views/livewire/tasks/create.blade.php) (View: /home/patryk/web/hive2025/resources/views/livewire/tasks/create.blade.php)

  at vendor/meilisearch/meilisearch-php/src/Http/Client.php:250
    246▕ 
    247▕         if ($response->getStatusCode() >= 300) {
    248▕             $body = $this->json->unserialize((string) $response->getBody()) ?? $response->getReasonPhrase();
    249▕ 
  ➜ 250▕             throw new ApiException($response, $body);
    251▕         }
    252▕ 
    253▕         return $this->json->unserialize((string) $response->getBody());
    254▕     }

      [2m+12 vendor frames [22m
  13  app/Livewire/Tasks/TaskCreate.php:108
      [2m+7 vendor frames [22m
  21  storage/framework/views/66a0f371461872d25ef6698c0a56d680.php:226


  Tests:    39 failed, 239 passed (577 assertions)
  Duration: 19.25s

