[2026-04-06 03:01:32] production.INFO: Telnyx voice webhook received {"event_type":"call.initiated","call_control_id":"v3:8RR5ShJNNgWFzSswYdlFGaAr2nwoO9tV2eXMLBz8ie_LA0J_dBUbSw","direction":"incoming"} 
[2026-04-06 03:01:32] production.WARNING: ipqualityscore lookup failed {"phone":"+18472123894","message":"You have insufficient credits to make this query. Please contact IPQualityScore support if this error persists."} 
[2026-04-06 03:01:32] production.INFO: Incoming call - answering {"call_control_id":"v3:8RR5ShJNNgWFzSswYdlFGaAr2nwoO9tV2eXMLBz8ie_LA0J_dBUbSw","from":"+18472123894","to":"+12247354200","caller_user_id":null,"caller_name":"GRZEGORZ SZADY"} 
[2026-04-06 03:01:33] production.INFO: Call command sent: answer {"call_control_id":"v3:8RR5ShJNNgWFzSswYdlFGaAr2nwoO9tV2eXMLBz8ie_LA0J_dBUbSw","result":"ok"} 
[2026-04-06 03:01:33] production.INFO: Telnyx voice webhook received {"event_type":"call.answered","call_control_id":"v3:8RR5ShJNNgWFzSswYdlFGaAr2nwoO9tV2eXMLBz8ie_LA0J_dBUbSw","direction":null} 
[2026-04-06 03:01:33] production.INFO: Playing welcome TTS and dialing admins simultaneously {"call_control_id":"v3:8RR5ShJNNgWFzSswYdlFGaAr2nwoO9tV2eXMLBz8ie_LA0J_dBUbSw","tts":"Good evening! Thanks for calling GS Construction. One moment while we connect you to the GS Crew."} 
[2026-04-06 03:01:33] production.INFO: Call command sent: speak {"call_control_id":"v3:8RR5ShJNNgWFzSswYdlFGaAr2nwoO9tV2eXMLBz8ie_LA0J_dBUbSw","result":"ok"} 
[2026-04-06 03:01:34] production.INFO: Dialed admin {"admin_user_id":1,"admin_name":"Patryk Szady","phone":"+12249993880","admin_call_control_id":"v3:A1GWeOw7CKSfQpv2LAS1vcPQWkZl8_1Nfd_yWyrefq1kF3_P2Lal7Q"} 
[2026-04-06 03:01:34] production.INFO: Telnyx voice webhook received {"event_type":"call.initiated","call_control_id":"v3:A1GWeOw7CKSfQpv2LAS1vcPQWkZl8_1Nfd_yWyrefq1kF3_P2Lal7Q","direction":"outgoing"} 
[2026-04-06 03:01:34] production.INFO: Outbound call initiated {"call_control_id":"v3:A1GWeOw7CKSfQpv2LAS1vcPQWkZl8_1Nfd_yWyrefq1kF3_P2Lal7Q","to":"+12249993880"} 
[2026-04-06 03:01:34] production.INFO: Telnyx voice webhook received {"event_type":"call.speak.started","call_control_id":"v3:8RR5ShJNNgWFzSswYdlFGaAr2nwoO9tV2eXMLBz8ie_LA0J_dBUbSw","direction":null} 
[2026-04-06 03:01:34] production.INFO: TTS speak started {"call_control_id":"v3:8RR5ShJNNgWFzSswYdlFGaAr2nwoO9tV2eXMLBz8ie_LA0J_dBUbSw"} 
[2026-04-06 03:01:34] production.DEBUG: Push notification delivered {"endpoint":"https://web.push.apple.com/QDkJcfxcMRPW4uLNUaYZ21nDUMJHCJ-cyja1FMQcNEv6qKbL-ec_s…","status":201} 
[2026-04-06 03:01:34] production.DEBUG: Push notification delivered {"endpoint":"https://fcm.googleapis.com/fcm/send/cYR-NIq4nms:APA91bEppjWa7ZIrYxviNuWljHyZ7qnu…","status":201} 
[2026-04-06 03:01:36] production.INFO: Telnyx voice webhook received {"event_type":"call.answered","call_control_id":"v3:A1GWeOw7CKSfQpv2LAS1vcPQWkZl8_1Nfd_yWyrefq1kF3_P2Lal7Q","direction":null} 
[2026-04-06 03:01:36] production.INFO: Admin answered — playing DTMF screen {"admin_call_control_id":"v3:A1GWeOw7CKSfQpv2LAS1vcPQWkZl8_1Nfd_yWyrefq1kF3_P2Lal7Q","incoming_call_control_id":"v3:8RR5ShJNNgWFzSswYdlFGaAr2nwoO9tV2eXMLBz8ie_LA0J_dBUbSw","call_log_id":623,"admin_user_id":1} 
[2026-04-06 03:01:36] production.INFO: Call command sent: gather_using_speak {"call_control_id":"v3:A1GWeOw7CKSfQpv2LAS1vcPQWkZl8_1Nfd_yWyrefq1kF3_P2Lal7Q","result":"ok"} 
[2026-04-06 03:01:37] production.INFO: Telnyx voice webhook received {"event_type":"call.speak.started","call_control_id":"v3:A1GWeOw7CKSfQpv2LAS1vcPQWkZl8_1Nfd_yWyrefq1kF3_P2Lal7Q","direction":null} 
[2026-04-06 03:01:37] production.INFO: TTS speak started {"call_control_id":"v3:A1GWeOw7CKSfQpv2LAS1vcPQWkZl8_1Nfd_yWyrefq1kF3_P2Lal7Q"} 
[2026-04-06 03:01:41] production.INFO: Telnyx voice webhook received {"event_type":"call.speak.ended","call_control_id":"v3:8RR5ShJNNgWFzSswYdlFGaAr2nwoO9tV2eXMLBz8ie_LA0J_dBUbSw","direction":null} 
[2026-04-06 03:01:41] production.INFO: handleCallSpeakEnded ENTRY {"call_control_id":"v3:8RR5ShJNNgWFzSswYdlFGaAr2nwoO9tV2eXMLBz8ie_LA0J_dBUbSw","action":"welcome_done","client_state":{"action":"welcome_done","call_log_id":623,"original_caller":"+18472123894"},"client_state_raw_present":true} 
[2026-04-06 03:01:41] production.INFO: TTS completed — no admin answered yet, playing ringback {"call_control_id":"v3:8RR5ShJNNgWFzSswYdlFGaAr2nwoO9tV2eXMLBz8ie_LA0J_dBUbSw","call_log_id":623} 
[2026-04-06 03:01:41] production.INFO: Call command sent: playback_start {"call_control_id":"v3:8RR5ShJNNgWFzSswYdlFGaAr2nwoO9tV2eXMLBz8ie_LA0J_dBUbSw","result":"ok"} 
[2026-04-06 03:01:42] production.INFO: Telnyx voice webhook received {"event_type":"call.playback.started","call_control_id":"v3:8RR5ShJNNgWFzSswYdlFGaAr2nwoO9tV2eXMLBz8ie_LA0J_dBUbSw","direction":null} 
[2026-04-06 03:01:42] production.INFO: Unhandled voice event {"event_type":"call.playback.started"} 
[2026-04-06 03:01:42] production.INFO: Telnyx voice webhook received {"event_type":"call.speak.ended","call_control_id":"v3:A1GWeOw7CKSfQpv2LAS1vcPQWkZl8_1Nfd_yWyrefq1kF3_P2Lal7Q","direction":null} 
[2026-04-06 03:01:42] production.INFO: handleCallSpeakEnded ENTRY {"call_control_id":"v3:A1GWeOw7CKSfQpv2LAS1vcPQWkZl8_1Nfd_yWyrefq1kF3_P2Lal7Q","action":"admin_screen","client_state":{"action":"admin_screen","call_log_id":623,"incoming_call_control_id":"v3:8RR5ShJNNgWFzSswYdlFGaAr2nwoO9tV2eXMLBz8ie_LA0J_dBUbSw","admin_user_id":1},"client_state_raw_present":true} 
[2026-04-06 03:01:43] production.INFO: Telnyx voice webhook received {"event_type":"call.dtmf.received","call_control_id":"v3:A1GWeOw7CKSfQpv2LAS1vcPQWkZl8_1Nfd_yWyrefq1kF3_P2Lal7Q","direction":null} 
[2026-04-06 03:01:43] production.INFO: Unhandled voice event {"event_type":"call.dtmf.received"} 
[2026-04-06 03:01:43] production.INFO: Telnyx voice webhook received {"event_type":"call.gather.ended","call_control_id":"v3:A1GWeOw7CKSfQpv2LAS1vcPQWkZl8_1Nfd_yWyrefq1kF3_P2Lal7Q","direction":null} 
[2026-04-06 03:01:43] production.INFO: Admin screen passed (keypress confirmed human) {"call_control_id":"v3:A1GWeOw7CKSfQpv2LAS1vcPQWkZl8_1Nfd_yWyrefq1kF3_P2Lal7Q","digits":"1","call_log_id":623,"admin_user_id":1} 
[2026-04-06 03:01:43] production.INFO: Admin confirmed + TTS done — bridging now {"admin_call_control_id":"v3:A1GWeOw7CKSfQpv2LAS1vcPQWkZl8_1Nfd_yWyrefq1kF3_P2Lal7Q","incoming_call_control_id":"v3:8RR5ShJNNgWFzSswYdlFGaAr2nwoO9tV2eXMLBz8ie_LA0J_dBUbSw","call_log_id":623} 
[2026-04-06 03:01:43] production.INFO: Bridging admin with caller {"admin_call_control_id":"v3:A1GWeOw7CKSfQpv2LAS1vcPQWkZl8_1Nfd_yWyrefq1kF3_P2Lal7Q","incoming_call_control_id":"v3:8RR5ShJNNgWFzSswYdlFGaAr2nwoO9tV2eXMLBz8ie_LA0J_dBUbSw","admin_user_id":1,"admin_name":"Patryk Szady"} 
[2026-04-06 03:01:44] production.INFO: Call command sent: playback_stop {"call_control_id":"v3:8RR5ShJNNgWFzSswYdlFGaAr2nwoO9tV2eXMLBz8ie_LA0J_dBUbSw","result":"ok"} 
[2026-04-06 03:01:44] production.INFO: Telnyx voice webhook received {"event_type":"call.playback.ended","call_control_id":"v3:8RR5ShJNNgWFzSswYdlFGaAr2nwoO9tV2eXMLBz8ie_LA0J_dBUbSw","direction":null} 
[2026-04-06 03:01:44] production.INFO: Call command sent: playback_stop {"call_control_id":"v3:A1GWeOw7CKSfQpv2LAS1vcPQWkZl8_1Nfd_yWyrefq1kF3_P2Lal7Q","result":"ok"} 
[2026-04-06 03:01:44] production.INFO: Calls bridged successfully {"call_control_id_a":"v3:A1GWeOw7CKSfQpv2LAS1vcPQWkZl8_1Nfd_yWyrefq1kF3_P2Lal7Q","call_control_id_b":"v3:8RR5ShJNNgWFzSswYdlFGaAr2nwoO9tV2eXMLBz8ie_LA0J_dBUbSw"} 
[2026-04-06 03:01:44] production.INFO: Telnyx voice webhook received {"event_type":"call.bridged","call_control_id":"v3:A1GWeOw7CKSfQpv2LAS1vcPQWkZl8_1Nfd_yWyrefq1kF3_P2Lal7Q","direction":null} 
[2026-04-06 03:01:44] production.INFO: Call bridged {"call_control_id":"v3:A1GWeOw7CKSfQpv2LAS1vcPQWkZl8_1Nfd_yWyrefq1kF3_P2Lal7Q","call_session_id":"eb5f4c3a-3164-11f1-aa55-02420aef54a0"} 
[2026-04-06 03:01:45] production.INFO: Telnyx voice webhook received {"event_type":"call.bridged","call_control_id":"v3:8RR5ShJNNgWFzSswYdlFGaAr2nwoO9tV2eXMLBz8ie_LA0J_dBUbSw","direction":null} 
[2026-04-06 03:01:45] production.INFO: Call bridged {"call_control_id":"v3:8RR5ShJNNgWFzSswYdlFGaAr2nwoO9tV2eXMLBz8ie_LA0J_dBUbSw","call_session_id":"e9a53990-3164-11f1-81ec-02420aef391f"} 
[2026-04-06 03:01:48] production.INFO: Telnyx voice webhook received {"event_type":"call.hangup","call_control_id":"v3:8RR5ShJNNgWFzSswYdlFGaAr2nwoO9tV2eXMLBz8ie_LA0J_dBUbSw","direction":null} 
[2026-04-06 03:01:48] production.INFO: Call ended {"call_control_id":"v3:8RR5ShJNNgWFzSswYdlFGaAr2nwoO9tV2eXMLBz8ie_LA0J_dBUbSw","status":"completed","hangup_cause":"normal_clearing","duration":15.254279} 
[2026-04-06 03:01:48] production.INFO: Telnyx voice webhook received {"event_type":"call.hangup","call_control_id":"v3:A1GWeOw7CKSfQpv2LAS1vcPQWkZl8_1Nfd_yWyrefq1kF3_P2Lal7Q","direction":null} 
[2026-04-06 03:01:48] production.INFO: Admin ring leg hung up {"admin_call_control_id":"v3:A1GWeOw7CKSfQpv2LAS1vcPQWkZl8_1Nfd_yWyrefq1kF3_P2Lal7Q","hangup_cause":"normal_clearing","call_log_id":623,"incoming_call_control_id":"v3:8RR5ShJNNgWFzSswYdlFGaAr2nwoO9tV2eXMLBz8ie_LA0J_dBUbSw"} 
[2026-04-06 03:02:01] production.INFO: Telnyx voice webhook received {"event_type":"call.initiated","call_control_id":"v3:jF90tok7WcwTj3c6aiPu0cPNuWEwB-z2XDL2BmmwHoMieUx6T8bnsw","direction":"incoming"} 
[2026-04-06 03:02:01] production.WARNING: ipqualityscore lookup failed {"phone":"+18472123894","message":"You have insufficient credits to make this query. Please contact IPQualityScore support if this error persists."} 
[2026-04-06 03:02:01] production.INFO: Incoming call - answering {"call_control_id":"v3:jF90tok7WcwTj3c6aiPu0cPNuWEwB-z2XDL2BmmwHoMieUx6T8bnsw","from":"+18472123894","to":"+12247354200","caller_user_id":null,"caller_name":"GRZEGORZ SZADY"} 
[2026-04-06 03:02:01] production.INFO: Call command sent: answer {"call_control_id":"v3:jF90tok7WcwTj3c6aiPu0cPNuWEwB-z2XDL2BmmwHoMieUx6T8bnsw","result":"ok"} 
[2026-04-06 03:02:01] production.INFO: Telnyx voice webhook received {"event_type":"call.answered","call_control_id":"v3:jF90tok7WcwTj3c6aiPu0cPNuWEwB-z2XDL2BmmwHoMieUx6T8bnsw","direction":null} 
[2026-04-06 03:02:01] production.INFO: Playing welcome TTS and dialing admins simultaneously {"call_control_id":"v3:jF90tok7WcwTj3c6aiPu0cPNuWEwB-z2XDL2BmmwHoMieUx6T8bnsw","tts":"Good evening! Thanks for calling GS Construction. One moment while we connect you to the GS Crew."} 
[2026-04-06 03:02:02] production.INFO: Call command sent: speak {"call_control_id":"v3:jF90tok7WcwTj3c6aiPu0cPNuWEwB-z2XDL2BmmwHoMieUx6T8bnsw","result":"ok"} 
[2026-04-06 03:02:02] production.DEBUG: Push notification delivered {"endpoint":"https://web.push.apple.com/QDkJcfxcMRPW4uLNUaYZ21nDUMJHCJ-cyja1FMQcNEv6qKbL-ec_s…","status":201} 
[2026-04-06 03:02:02] production.DEBUG: Push notification delivered {"endpoint":"https://fcm.googleapis.com/fcm/send/cYR-NIq4nms:APA91bEppjWa7ZIrYxviNuWljHyZ7qnu…","status":201} 
[2026-04-06 03:02:02] production.INFO: Dialed admin {"admin_user_id":1,"admin_name":"Patryk Szady","phone":"+12249993880","admin_call_control_id":"v3:kGmbcHpHCYfy5HhKZHL4r71lFVmp1ppvedLNpxU8bbDG1DDY7wm3Zg"} 
[2026-04-06 03:02:02] production.INFO: Telnyx voice webhook received {"event_type":"call.initiated","call_control_id":"v3:kGmbcHpHCYfy5HhKZHL4r71lFVmp1ppvedLNpxU8bbDG1DDY7wm3Zg","direction":"outgoing"} 
[2026-04-06 03:02:02] production.INFO: Outbound call initiated {"call_control_id":"v3:kGmbcHpHCYfy5HhKZHL4r71lFVmp1ppvedLNpxU8bbDG1DDY7wm3Zg","to":"+12249993880"} 
[2026-04-06 03:02:02] production.INFO: Telnyx voice webhook received {"event_type":"call.speak.started","call_control_id":"v3:jF90tok7WcwTj3c6aiPu0cPNuWEwB-z2XDL2BmmwHoMieUx6T8bnsw","direction":null} 
[2026-04-06 03:02:02] production.INFO: TTS speak started {"call_control_id":"v3:jF90tok7WcwTj3c6aiPu0cPNuWEwB-z2XDL2BmmwHoMieUx6T8bnsw"} 
[2026-04-06 03:02:09] production.INFO: Telnyx voice webhook received {"event_type":"call.speak.ended","call_control_id":"v3:jF90tok7WcwTj3c6aiPu0cPNuWEwB-z2XDL2BmmwHoMieUx6T8bnsw","direction":null} 
[2026-04-06 03:02:09] production.INFO: handleCallSpeakEnded ENTRY {"call_control_id":"v3:jF90tok7WcwTj3c6aiPu0cPNuWEwB-z2XDL2BmmwHoMieUx6T8bnsw","action":"welcome_done","client_state":{"action":"welcome_done","call_log_id":624,"original_caller":"+18472123894"},"client_state_raw_present":true} 
[2026-04-06 03:02:09] production.INFO: TTS completed — no admin answered yet, playing ringback {"call_control_id":"v3:jF90tok7WcwTj3c6aiPu0cPNuWEwB-z2XDL2BmmwHoMieUx6T8bnsw","call_log_id":624} 
[2026-04-06 03:02:09] production.INFO: Call command sent: playback_start {"call_control_id":"v3:jF90tok7WcwTj3c6aiPu0cPNuWEwB-z2XDL2BmmwHoMieUx6T8bnsw","result":"ok"} 
[2026-04-06 03:02:10] production.INFO: Telnyx voice webhook received {"event_type":"call.playback.started","call_control_id":"v3:jF90tok7WcwTj3c6aiPu0cPNuWEwB-z2XDL2BmmwHoMieUx6T8bnsw","direction":null} 
[2026-04-06 03:02:10] production.INFO: Unhandled voice event {"event_type":"call.playback.started"} 
[2026-04-06 03:02:11] production.INFO: Telnyx voice webhook received {"event_type":"call.answered","call_control_id":"v3:kGmbcHpHCYfy5HhKZHL4r71lFVmp1ppvedLNpxU8bbDG1DDY7wm3Zg","direction":null} 
[2026-04-06 03:02:11] production.INFO: Admin answered — playing DTMF screen {"admin_call_control_id":"v3:kGmbcHpHCYfy5HhKZHL4r71lFVmp1ppvedLNpxU8bbDG1DDY7wm3Zg","incoming_call_control_id":"v3:jF90tok7WcwTj3c6aiPu0cPNuWEwB-z2XDL2BmmwHoMieUx6T8bnsw","call_log_id":624,"admin_user_id":1} 
[2026-04-06 03:02:11] production.INFO: Call command sent: gather_using_speak {"call_control_id":"v3:kGmbcHpHCYfy5HhKZHL4r71lFVmp1ppvedLNpxU8bbDG1DDY7wm3Zg","result":"ok"} 
[2026-04-06 03:02:12] production.INFO: Telnyx voice webhook received {"event_type":"call.speak.started","call_control_id":"v3:kGmbcHpHCYfy5HhKZHL4r71lFVmp1ppvedLNpxU8bbDG1DDY7wm3Zg","direction":null} 
[2026-04-06 03:02:12] production.INFO: TTS speak started {"call_control_id":"v3:kGmbcHpHCYfy5HhKZHL4r71lFVmp1ppvedLNpxU8bbDG1DDY7wm3Zg"} 
[2026-04-06 03:02:15] production.INFO: Telnyx voice webhook received {"event_type":"call.dtmf.received","call_control_id":"v3:kGmbcHpHCYfy5HhKZHL4r71lFVmp1ppvedLNpxU8bbDG1DDY7wm3Zg","direction":null} 
[2026-04-06 03:02:15] production.INFO: Unhandled voice event {"event_type":"call.dtmf.received"} 
[2026-04-06 03:02:15] production.INFO: Telnyx voice webhook received {"event_type":"call.speak.ended","call_control_id":"v3:kGmbcHpHCYfy5HhKZHL4r71lFVmp1ppvedLNpxU8bbDG1DDY7wm3Zg","direction":null} 
[2026-04-06 03:02:15] production.INFO: handleCallSpeakEnded ENTRY {"call_control_id":"v3:kGmbcHpHCYfy5HhKZHL4r71lFVmp1ppvedLNpxU8bbDG1DDY7wm3Zg","action":"admin_screen","client_state":{"action":"admin_screen","call_log_id":624,"incoming_call_control_id":"v3:jF90tok7WcwTj3c6aiPu0cPNuWEwB-z2XDL2BmmwHoMieUx6T8bnsw","admin_user_id":1},"client_state_raw_present":true} 
[2026-04-06 03:02:15] production.INFO: Telnyx voice webhook received {"event_type":"call.gather.ended","call_control_id":"v3:kGmbcHpHCYfy5HhKZHL4r71lFVmp1ppvedLNpxU8bbDG1DDY7wm3Zg","direction":null} 
[2026-04-06 03:02:15] production.INFO: Admin screen passed (keypress confirmed human) {"call_control_id":"v3:kGmbcHpHCYfy5HhKZHL4r71lFVmp1ppvedLNpxU8bbDG1DDY7wm3Zg","digits":"1","call_log_id":624,"admin_user_id":1} 
[2026-04-06 03:02:15] production.INFO: Admin confirmed + TTS done — bridging now {"admin_call_control_id":"v3:kGmbcHpHCYfy5HhKZHL4r71lFVmp1ppvedLNpxU8bbDG1DDY7wm3Zg","incoming_call_control_id":"v3:jF90tok7WcwTj3c6aiPu0cPNuWEwB-z2XDL2BmmwHoMieUx6T8bnsw","call_log_id":624} 
[2026-04-06 03:02:15] production.INFO: Bridging admin with caller {"admin_call_control_id":"v3:kGmbcHpHCYfy5HhKZHL4r71lFVmp1ppvedLNpxU8bbDG1DDY7wm3Zg","incoming_call_control_id":"v3:jF90tok7WcwTj3c6aiPu0cPNuWEwB-z2XDL2BmmwHoMieUx6T8bnsw","admin_user_id":1,"admin_name":"Patryk Szady"} 
[2026-04-06 03:02:15] production.INFO: Call command sent: playback_stop {"call_control_id":"v3:jF90tok7WcwTj3c6aiPu0cPNuWEwB-z2XDL2BmmwHoMieUx6T8bnsw","result":"ok"} 
[2026-04-06 03:02:16] production.INFO: Telnyx voice webhook received {"event_type":"call.playback.ended","call_control_id":"v3:jF90tok7WcwTj3c6aiPu0cPNuWEwB-z2XDL2BmmwHoMieUx6T8bnsw","direction":null} 
[2026-04-06 03:02:16] production.INFO: Call command sent: playback_stop {"call_control_id":"v3:kGmbcHpHCYfy5HhKZHL4r71lFVmp1ppvedLNpxU8bbDG1DDY7wm3Zg","result":"ok"} 
[2026-04-06 03:02:16] production.INFO: Calls bridged successfully {"call_control_id_a":"v3:kGmbcHpHCYfy5HhKZHL4r71lFVmp1ppvedLNpxU8bbDG1DDY7wm3Zg","call_control_id_b":"v3:jF90tok7WcwTj3c6aiPu0cPNuWEwB-z2XDL2BmmwHoMieUx6T8bnsw"} 
[2026-04-06 03:02:16] production.INFO: Telnyx voice webhook received {"event_type":"call.bridged","call_control_id":"v3:jF90tok7WcwTj3c6aiPu0cPNuWEwB-z2XDL2BmmwHoMieUx6T8bnsw","direction":null} 
[2026-04-06 03:02:16] production.INFO: Call bridged {"call_control_id":"v3:jF90tok7WcwTj3c6aiPu0cPNuWEwB-z2XDL2BmmwHoMieUx6T8bnsw","call_session_id":"fb53b388-3164-11f1-ad4f-02420aef551f"} 
[2026-04-06 03:02:16] production.INFO: Telnyx voice webhook received {"event_type":"call.bridged","call_control_id":"v3:kGmbcHpHCYfy5HhKZHL4r71lFVmp1ppvedLNpxU8bbDG1DDY7wm3Zg","direction":null} 
[2026-04-06 03:02:16] production.INFO: Call bridged {"call_control_id":"v3:kGmbcHpHCYfy5HhKZHL4r71lFVmp1ppvedLNpxU8bbDG1DDY7wm3Zg","call_session_id":"fc424bc4-3164-11f1-9439-02420aef521f"} 
[2026-04-06 03:02:21] production.INFO: Telnyx voice webhook received {"event_type":"call.hangup","call_control_id":"v3:kGmbcHpHCYfy5HhKZHL4r71lFVmp1ppvedLNpxU8bbDG1DDY7wm3Zg","direction":null} 
[2026-04-06 03:02:21] production.INFO: Admin ring leg hung up {"admin_call_control_id":"v3:kGmbcHpHCYfy5HhKZHL4r71lFVmp1ppvedLNpxU8bbDG1DDY7wm3Zg","hangup_cause":"normal_clearing","call_log_id":624,"incoming_call_control_id":"v3:jF90tok7WcwTj3c6aiPu0cPNuWEwB-z2XDL2BmmwHoMieUx6T8bnsw"} 
[2026-04-06 03:02:21] production.INFO: Telnyx voice webhook received {"event_type":"call.hangup","call_control_id":"v3:jF90tok7WcwTj3c6aiPu0cPNuWEwB-z2XDL2BmmwHoMieUx6T8bnsw","direction":null} 
[2026-04-06 03:02:21] production.INFO: Call ended {"call_control_id":"v3:jF90tok7WcwTj3c6aiPu0cPNuWEwB-z2XDL2BmmwHoMieUx6T8bnsw","status":"completed","hangup_cause":"normal_clearing","duration":20.732328000000003} 
[2026-04-06 03:02:29] production.INFO: Telnyx voice webhook received {"event_type":"call.initiated","call_control_id":"v3:5tnfm7xebMsi8LXzb7MhREucovMXei_8bfaYZIG59k-Do0d1KpKo4Q","direction":"incoming"} 
[2026-04-06 03:02:29] production.WARNING: ipqualityscore lookup failed {"phone":"+18472123894","message":"You have insufficient credits to make this query. Please contact IPQualityScore support if this error persists."} 
[2026-04-06 03:02:29] production.INFO: Incoming call - answering {"call_control_id":"v3:5tnfm7xebMsi8LXzb7MhREucovMXei_8bfaYZIG59k-Do0d1KpKo4Q","from":"+18472123894","to":"+12247354200","caller_user_id":null,"caller_name":"GRZEGORZ SZADY"} 
[2026-04-06 03:02:29] production.INFO: Call command sent: answer {"call_control_id":"v3:5tnfm7xebMsi8LXzb7MhREucovMXei_8bfaYZIG59k-Do0d1KpKo4Q","result":"ok"} 
[2026-04-06 03:02:29] production.INFO: Telnyx voice webhook received {"event_type":"call.answered","call_control_id":"v3:5tnfm7xebMsi8LXzb7MhREucovMXei_8bfaYZIG59k-Do0d1KpKo4Q","direction":null} 
[2026-04-06 03:02:29] production.INFO: Playing welcome TTS and dialing admins simultaneously {"call_control_id":"v3:5tnfm7xebMsi8LXzb7MhREucovMXei_8bfaYZIG59k-Do0d1KpKo4Q","tts":"Good evening! Thanks for calling GS Construction. One moment while we connect you to the GS Crew."} 
[2026-04-06 03:02:30] production.INFO: Call command sent: speak {"call_control_id":"v3:5tnfm7xebMsi8LXzb7MhREucovMXei_8bfaYZIG59k-Do0d1KpKo4Q","result":"ok"} 
[2026-04-06 03:02:30] production.INFO: Dialed admin {"admin_user_id":1,"admin_name":"Patryk Szady","phone":"+12249993880","admin_call_control_id":"v3:mQ-wNLP_Gd2pzqrMzXpixjqL0BdXIF4Dzdc1zJ1IA3PH8akv0PoS5g"} 
[2026-04-06 03:02:30] production.INFO: Telnyx voice webhook received {"event_type":"call.speak.started","call_control_id":"v3:5tnfm7xebMsi8LXzb7MhREucovMXei_8bfaYZIG59k-Do0d1KpKo4Q","direction":null} 
[2026-04-06 03:02:30] production.INFO: TTS speak started {"call_control_id":"v3:5tnfm7xebMsi8LXzb7MhREucovMXei_8bfaYZIG59k-Do0d1KpKo4Q"} 
[2026-04-06 03:02:30] production.INFO: Telnyx voice webhook received {"event_type":"call.initiated","call_control_id":"v3:mQ-wNLP_Gd2pzqrMzXpixjqL0BdXIF4Dzdc1zJ1IA3PH8akv0PoS5g","direction":"outgoing"} 
[2026-04-06 03:02:30] production.INFO: Outbound call initiated {"call_control_id":"v3:mQ-wNLP_Gd2pzqrMzXpixjqL0BdXIF4Dzdc1zJ1IA3PH8akv0PoS5g","to":"+12249993880"} 
[2026-04-06 03:02:32] production.DEBUG: Push notification delivered {"endpoint":"https://web.push.apple.com/QDkJcfxcMRPW4uLNUaYZ21nDUMJHCJ-cyja1FMQcNEv6qKbL-ec_s…","status":201} 
[2026-04-06 03:02:32] production.DEBUG: Push notification delivered {"endpoint":"https://fcm.googleapis.com/fcm/send/cYR-NIq4nms:APA91bEppjWa7ZIrYxviNuWljHyZ7qnu…","status":201} 
[2026-04-06 03:02:36] production.INFO: Telnyx voice webhook received {"event_type":"call.speak.ended","call_control_id":"v3:5tnfm7xebMsi8LXzb7MhREucovMXei_8bfaYZIG59k-Do0d1KpKo4Q","direction":null} 
[2026-04-06 03:02:36] production.INFO: handleCallSpeakEnded ENTRY {"call_control_id":"v3:5tnfm7xebMsi8LXzb7MhREucovMXei_8bfaYZIG59k-Do0d1KpKo4Q","action":"welcome_done","client_state":{"action":"welcome_done","call_log_id":625,"original_caller":"+18472123894"},"client_state_raw_present":true} 
[2026-04-06 03:02:36] production.INFO: TTS completed — no admin answered yet, playing ringback {"call_control_id":"v3:5tnfm7xebMsi8LXzb7MhREucovMXei_8bfaYZIG59k-Do0d1KpKo4Q","call_log_id":625} 
[2026-04-06 03:02:36] production.INFO: Call command sent: playback_start {"call_control_id":"v3:5tnfm7xebMsi8LXzb7MhREucovMXei_8bfaYZIG59k-Do0d1KpKo4Q","result":"ok"} 
[2026-04-06 03:02:37] production.INFO: Telnyx voice webhook received {"event_type":"call.playback.started","call_control_id":"v3:5tnfm7xebMsi8LXzb7MhREucovMXei_8bfaYZIG59k-Do0d1KpKo4Q","direction":null} 
[2026-04-06 03:02:37] production.INFO: Unhandled voice event {"event_type":"call.playback.started"} 
[2026-04-06 03:02:46] production.INFO: Telnyx voice webhook received {"event_type":"call.hangup","call_control_id":"v3:mQ-wNLP_Gd2pzqrMzXpixjqL0BdXIF4Dzdc1zJ1IA3PH8akv0PoS5g","direction":null} 
[2026-04-06 03:02:46] production.INFO: Admin ring leg hung up {"admin_call_control_id":"v3:mQ-wNLP_Gd2pzqrMzXpixjqL0BdXIF4Dzdc1zJ1IA3PH8akv0PoS5g","hangup_cause":"timeout","call_log_id":625,"incoming_call_control_id":"v3:5tnfm7xebMsi8LXzb7MhREucovMXei_8bfaYZIG59k-Do0d1KpKo4Q"} 
[2026-04-06 03:02:46] production.INFO: Admin removed from pending list {"removed_id":"v3:mQ-wNLP_Gd2pzqrMzXpixjqL0BdXIF4Dzdc1zJ1IA3PH8akv0PoS5g","was_in_list":true,"remaining_count":0,"call_log_id":625} 
[2026-04-06 03:02:46] production.INFO: All admin legs failed — triggering voicemail {"incoming_call_control_id":"v3:5tnfm7xebMsi8LXzb7MhREucovMXei_8bfaYZIG59k-Do0d1KpKo4Q","call_log_id":625} 
[2026-04-06 03:02:46] production.INFO: Call command sent: playback_stop {"call_control_id":"v3:5tnfm7xebMsi8LXzb7MhREucovMXei_8bfaYZIG59k-Do0d1KpKo4Q","result":"ok"} 
[2026-04-06 03:02:46] production.INFO: Telnyx voice webhook received {"event_type":"call.playback.ended","call_control_id":"v3:5tnfm7xebMsi8LXzb7MhREucovMXei_8bfaYZIG59k-Do0d1KpKo4Q","direction":null} 
[2026-04-06 03:02:46] production.INFO: Ringback stopped — starting voicemail IVR gather {"call_control_id":"v3:5tnfm7xebMsi8LXzb7MhREucovMXei_8bfaYZIG59k-Do0d1KpKo4Q","call_log_id":625} 
[2026-04-06 03:02:46] production.INFO: Playing voicemail IVR menu {"call_control_id":"v3:5tnfm7xebMsi8LXzb7MhREucovMXei_8bfaYZIG59k-Do0d1KpKo4Q","call_log_id":625,"ivr_prompt":"GS Construction is not available right now. Press 2 to send a text on your behalf so the GS Crew knows to call you back ASAP. Stay on the line to leave a voicemail.","is_known_caller":false} 
[2026-04-06 03:02:46] production.INFO: Call command sent: gather_using_speak {"call_control_id":"v3:5tnfm7xebMsi8LXzb7MhREucovMXei_8bfaYZIG59k-Do0d1KpKo4Q","result":"ok"} 
[2026-04-06 03:02:51] production.INFO: Telnyx voice webhook received {"event_type":"call.gather.ended","call_control_id":"v3:5tnfm7xebMsi8LXzb7MhREucovMXei_8bfaYZIG59k-Do0d1KpKo4Q","direction":null} 
[2026-04-06 03:02:51] production.INFO: IVR gather ended {"call_control_id":"v3:5tnfm7xebMsi8LXzb7MhREucovMXei_8bfaYZIG59k-Do0d1KpKo4Q","digits":"","call_log_id":625} 
[2026-04-06 03:02:51] production.INFO: IVR: no digit pressed — playing voicemail greeting {"call_control_id":"v3:5tnfm7xebMsi8LXzb7MhREucovMXei_8bfaYZIG59k-Do0d1KpKo4Q"} 
[2026-04-06 03:02:52] production.INFO: Call command sent: speak {"call_control_id":"v3:5tnfm7xebMsi8LXzb7MhREucovMXei_8bfaYZIG59k-Do0d1KpKo4Q","result":"ok"} 
[2026-04-06 03:02:52] production.INFO: Telnyx voice webhook received {"event_type":"call.speak.started","call_control_id":"v3:5tnfm7xebMsi8LXzb7MhREucovMXei_8bfaYZIG59k-Do0d1KpKo4Q","direction":null} 
[2026-04-06 03:02:52] production.INFO: TTS speak started {"call_control_id":"v3:5tnfm7xebMsi8LXzb7MhREucovMXei_8bfaYZIG59k-Do0d1KpKo4Q"} 
[2026-04-06 03:03:00] production.INFO: Telnyx voice webhook received {"event_type":"call.speak.ended","call_control_id":"v3:5tnfm7xebMsi8LXzb7MhREucovMXei_8bfaYZIG59k-Do0d1KpKo4Q","direction":null} 
[2026-04-06 03:03:00] production.INFO: handleCallSpeakEnded ENTRY {"call_control_id":"v3:5tnfm7xebMsi8LXzb7MhREucovMXei_8bfaYZIG59k-Do0d1KpKo4Q","action":"voicemail_prompt_done","client_state":{"action":"voicemail_prompt_done","call_log_id":625},"client_state_raw_present":true} 
[2026-04-06 03:03:00] production.INFO: Voicemail prompt done — starting recording {"call_control_id":"v3:5tnfm7xebMsi8LXzb7MhREucovMXei_8bfaYZIG59k-Do0d1KpKo4Q"} 
[2026-04-06 03:03:01] production.INFO: Call command sent: record_start {"call_control_id":"v3:5tnfm7xebMsi8LXzb7MhREucovMXei_8bfaYZIG59k-Do0d1KpKo4Q","result":"ok"} 
[2026-04-06 03:03:02] production.INFO: Telnyx voice webhook received {"event_type":"call.hangup","call_control_id":"v3:5tnfm7xebMsi8LXzb7MhREucovMXei_8bfaYZIG59k-Do0d1KpKo4Q","direction":null} 
[2026-04-06 03:03:02] production.INFO: Voicemail call ended {"call_control_id":"v3:5tnfm7xebMsi8LXzb7MhREucovMXei_8bfaYZIG59k-Do0d1KpKo4Q","call_log_id":625} 
[2026-04-06 03:03:13] production.INFO: Telnyx voice webhook received {"event_type":"call.initiated","call_control_id":"v3:gHXj7bF2sfvGTOFKDyfbr5IDSKEHWQiF26by2bEq_6_uYumJ1QsqOQ","direction":"incoming"} 
[2026-04-06 03:03:13] production.WARNING: ipqualityscore lookup failed {"phone":"+18472123894","message":"You have insufficient credits to make this query. Please contact IPQualityScore support if this error persists."} 
[2026-04-06 03:03:13] production.INFO: Incoming call - answering {"call_control_id":"v3:gHXj7bF2sfvGTOFKDyfbr5IDSKEHWQiF26by2bEq_6_uYumJ1QsqOQ","from":"+18472123894","to":"+12247354200","caller_user_id":null,"caller_name":"GRZEGORZ SZADY"} 
[2026-04-06 03:03:14] production.INFO: Call command sent: answer {"call_control_id":"v3:gHXj7bF2sfvGTOFKDyfbr5IDSKEHWQiF26by2bEq_6_uYumJ1QsqOQ","result":"ok"} 
[2026-04-06 03:03:14] production.INFO: Telnyx voice webhook received {"event_type":"call.answered","call_control_id":"v3:gHXj7bF2sfvGTOFKDyfbr5IDSKEHWQiF26by2bEq_6_uYumJ1QsqOQ","direction":null} 
[2026-04-06 03:03:14] production.INFO: Playing welcome TTS and dialing admins simultaneously {"call_control_id":"v3:gHXj7bF2sfvGTOFKDyfbr5IDSKEHWQiF26by2bEq_6_uYumJ1QsqOQ","tts":"Good evening! Thanks for calling GS Construction. One moment while we connect you to the GS Crew."} 
[2026-04-06 03:03:14] production.DEBUG: Push notification delivered {"endpoint":"https://web.push.apple.com/QDkJcfxcMRPW4uLNUaYZ21nDUMJHCJ-cyja1FMQcNEv6qKbL-ec_s…","status":201} 
[2026-04-06 03:03:14] production.DEBUG: Push notification delivered {"endpoint":"https://fcm.googleapis.com/fcm/send/cYR-NIq4nms:APA91bEppjWa7ZIrYxviNuWljHyZ7qnu…","status":201} 
[2026-04-06 03:03:14] production.INFO: Call command sent: speak {"call_control_id":"v3:gHXj7bF2sfvGTOFKDyfbr5IDSKEHWQiF26by2bEq_6_uYumJ1QsqOQ","result":"ok"} 
[2026-04-06 03:03:14] production.INFO: Dialed admin {"admin_user_id":1,"admin_name":"Patryk Szady","phone":"+12249993880","admin_call_control_id":"v3:blS72O5Muyv44L9PRhZ_VKPaqS7wbnn8RzV1IjGifZcTmuRNkWHnNg"} 
[2026-04-06 03:03:14] production.INFO: Telnyx voice webhook received {"event_type":"call.initiated","call_control_id":"v3:blS72O5Muyv44L9PRhZ_VKPaqS7wbnn8RzV1IjGifZcTmuRNkWHnNg","direction":"outgoing"} 
[2026-04-06 03:03:14] production.INFO: Outbound call initiated {"call_control_id":"v3:blS72O5Muyv44L9PRhZ_VKPaqS7wbnn8RzV1IjGifZcTmuRNkWHnNg","to":"+12249993880"} 
[2026-04-06 03:03:14] production.INFO: Telnyx voice webhook received {"event_type":"call.speak.started","call_control_id":"v3:gHXj7bF2sfvGTOFKDyfbr5IDSKEHWQiF26by2bEq_6_uYumJ1QsqOQ","direction":null} 
[2026-04-06 03:03:14] production.INFO: TTS speak started {"call_control_id":"v3:gHXj7bF2sfvGTOFKDyfbr5IDSKEHWQiF26by2bEq_6_uYumJ1QsqOQ"} 
[2026-04-06 03:03:21] production.INFO: Telnyx voice webhook received {"event_type":"call.speak.ended","call_control_id":"v3:gHXj7bF2sfvGTOFKDyfbr5IDSKEHWQiF26by2bEq_6_uYumJ1QsqOQ","direction":null} 
[2026-04-06 03:03:21] production.INFO: handleCallSpeakEnded ENTRY {"call_control_id":"v3:gHXj7bF2sfvGTOFKDyfbr5IDSKEHWQiF26by2bEq_6_uYumJ1QsqOQ","action":"welcome_done","client_state":{"action":"welcome_done","call_log_id":626,"original_caller":"+18472123894"},"client_state_raw_present":true} 
[2026-04-06 03:03:21] production.INFO: TTS completed — no admin answered yet, playing ringback {"call_control_id":"v3:gHXj7bF2sfvGTOFKDyfbr5IDSKEHWQiF26by2bEq_6_uYumJ1QsqOQ","call_log_id":626} 
[2026-04-06 03:03:21] production.INFO: Call command sent: playback_start {"call_control_id":"v3:gHXj7bF2sfvGTOFKDyfbr5IDSKEHWQiF26by2bEq_6_uYumJ1QsqOQ","result":"ok"} 
[2026-04-06 03:03:22] production.INFO: Telnyx voice webhook received {"event_type":"call.playback.started","call_control_id":"v3:gHXj7bF2sfvGTOFKDyfbr5IDSKEHWQiF26by2bEq_6_uYumJ1QsqOQ","direction":null} 
[2026-04-06 03:03:22] production.INFO: Unhandled voice event {"event_type":"call.playback.started"} 
[2026-04-06 03:03:23] production.INFO: Telnyx voice webhook received {"event_type":"call.answered","call_control_id":"v3:blS72O5Muyv44L9PRhZ_VKPaqS7wbnn8RzV1IjGifZcTmuRNkWHnNg","direction":null} 
[2026-04-06 03:03:23] production.INFO: Admin answered — playing DTMF screen {"admin_call_control_id":"v3:blS72O5Muyv44L9PRhZ_VKPaqS7wbnn8RzV1IjGifZcTmuRNkWHnNg","incoming_call_control_id":"v3:gHXj7bF2sfvGTOFKDyfbr5IDSKEHWQiF26by2bEq_6_uYumJ1QsqOQ","call_log_id":626,"admin_user_id":1} 
[2026-04-06 03:03:24] production.INFO: Call command sent: gather_using_speak {"call_control_id":"v3:blS72O5Muyv44L9PRhZ_VKPaqS7wbnn8RzV1IjGifZcTmuRNkWHnNg","result":"ok"} 
[2026-04-06 03:03:24] production.INFO: Telnyx voice webhook received {"event_type":"call.speak.started","call_control_id":"v3:blS72O5Muyv44L9PRhZ_VKPaqS7wbnn8RzV1IjGifZcTmuRNkWHnNg","direction":null} 
[2026-04-06 03:03:24] production.INFO: TTS speak started {"call_control_id":"v3:blS72O5Muyv44L9PRhZ_VKPaqS7wbnn8RzV1IjGifZcTmuRNkWHnNg"} 
[2026-04-06 03:03:28] production.INFO: Telnyx voice webhook received {"event_type":"call.speak.ended","call_control_id":"v3:blS72O5Muyv44L9PRhZ_VKPaqS7wbnn8RzV1IjGifZcTmuRNkWHnNg","direction":null} 
[2026-04-06 03:03:28] production.INFO: handleCallSpeakEnded ENTRY {"call_control_id":"v3:blS72O5Muyv44L9PRhZ_VKPaqS7wbnn8RzV1IjGifZcTmuRNkWHnNg","action":"admin_screen","client_state":{"action":"admin_screen","call_log_id":626,"incoming_call_control_id":"v3:gHXj7bF2sfvGTOFKDyfbr5IDSKEHWQiF26by2bEq_6_uYumJ1QsqOQ","admin_user_id":1},"client_state_raw_present":true} 
[2026-04-06 03:03:32] production.INFO: Telnyx voice webhook received {"event_type":"call.gather.ended","call_control_id":"v3:blS72O5Muyv44L9PRhZ_VKPaqS7wbnn8RzV1IjGifZcTmuRNkWHnNg","direction":null} 
[2026-04-06 03:03:32] production.INFO: Admin screen timeout (no keypress) — hanging up {"call_control_id":"v3:blS72O5Muyv44L9PRhZ_VKPaqS7wbnn8RzV1IjGifZcTmuRNkWHnNg","call_log_id":626} 
[2026-04-06 03:03:32] production.INFO: Telnyx voice webhook received {"event_type":"call.hangup","call_control_id":"v3:blS72O5Muyv44L9PRhZ_VKPaqS7wbnn8RzV1IjGifZcTmuRNkWHnNg","direction":null} 
[2026-04-06 03:03:32] production.INFO: Admin ring leg hung up {"admin_call_control_id":"v3:blS72O5Muyv44L9PRhZ_VKPaqS7wbnn8RzV1IjGifZcTmuRNkWHnNg","hangup_cause":"normal_clearing","call_log_id":626,"incoming_call_control_id":"v3:gHXj7bF2sfvGTOFKDyfbr5IDSKEHWQiF26by2bEq_6_uYumJ1QsqOQ"} 
[2026-04-06 03:03:32] production.INFO: Admin removed from pending list {"removed_id":"v3:blS72O5Muyv44L9PRhZ_VKPaqS7wbnn8RzV1IjGifZcTmuRNkWHnNg","was_in_list":true,"remaining_count":0,"call_log_id":626} 
[2026-04-06 03:03:32] production.INFO: All admin legs failed — triggering voicemail {"incoming_call_control_id":"v3:gHXj7bF2sfvGTOFKDyfbr5IDSKEHWQiF26by2bEq_6_uYumJ1QsqOQ","call_log_id":626} 
[2026-04-06 03:03:33] production.ERROR: Call command failed: hangup {"call_control_id":"v3:blS72O5Muyv44L9PRhZ_VKPaqS7wbnn8RzV1IjGifZcTmuRNkWHnNg","status":422,"error":{"errors":[{"code":"90018","title":"Call has already ended","detail":"This call is no longer active and can't receive commands."}]}} 
[2026-04-06 03:03:33] production.INFO: Call command sent: playback_stop {"call_control_id":"v3:gHXj7bF2sfvGTOFKDyfbr5IDSKEHWQiF26by2bEq_6_uYumJ1QsqOQ","result":"ok"} 
[2026-04-06 03:03:33] production.INFO: Telnyx voice webhook received {"event_type":"call.playback.ended","call_control_id":"v3:gHXj7bF2sfvGTOFKDyfbr5IDSKEHWQiF26by2bEq_6_uYumJ1QsqOQ","direction":null} 
[2026-04-06 03:03:33] production.INFO: Ringback stopped — starting voicemail IVR gather {"call_control_id":"v3:gHXj7bF2sfvGTOFKDyfbr5IDSKEHWQiF26by2bEq_6_uYumJ1QsqOQ","call_log_id":626} 
[2026-04-06 03:03:33] production.INFO: Playing voicemail IVR menu {"call_control_id":"v3:gHXj7bF2sfvGTOFKDyfbr5IDSKEHWQiF26by2bEq_6_uYumJ1QsqOQ","call_log_id":626,"ivr_prompt":"GS Construction is not available right now. Press 2 to send a text on your behalf so the GS Crew knows to call you back ASAP. Stay on the line to leave a voicemail.","is_known_caller":false} 
[2026-04-06 03:03:33] production.INFO: Call command sent: gather_using_speak {"call_control_id":"v3:gHXj7bF2sfvGTOFKDyfbr5IDSKEHWQiF26by2bEq_6_uYumJ1QsqOQ","result":"ok"} 
[2026-04-06 03:03:34] production.INFO: Telnyx voice webhook received {"event_type":"call.speak.started","call_control_id":"v3:gHXj7bF2sfvGTOFKDyfbr5IDSKEHWQiF26by2bEq_6_uYumJ1QsqOQ","direction":null} 
[2026-04-06 03:03:34] production.INFO: TTS speak started {"call_control_id":"v3:gHXj7bF2sfvGTOFKDyfbr5IDSKEHWQiF26by2bEq_6_uYumJ1QsqOQ"} 
[2026-04-06 03:03:44] production.INFO: Telnyx voice webhook received {"event_type":"call.speak.ended","call_control_id":"v3:gHXj7bF2sfvGTOFKDyfbr5IDSKEHWQiF26by2bEq_6_uYumJ1QsqOQ","direction":null} 
[2026-04-06 03:03:44] production.INFO: handleCallSpeakEnded ENTRY {"call_control_id":"v3:gHXj7bF2sfvGTOFKDyfbr5IDSKEHWQiF26by2bEq_6_uYumJ1QsqOQ","action":"voicemail_ivr_menu","client_state":{"action":"voicemail_ivr_menu","call_log_id":626,"original_caller":"+18472123894","is_known_caller":false},"client_state_raw_present":true} 
[2026-04-06 03:03:46] production.INFO: Telnyx voice webhook received {"event_type":"call.dtmf.received","call_control_id":"v3:gHXj7bF2sfvGTOFKDyfbr5IDSKEHWQiF26by2bEq_6_uYumJ1QsqOQ","direction":null} 
[2026-04-06 03:03:46] production.INFO: Unhandled voice event {"event_type":"call.dtmf.received"} 
[2026-04-06 03:03:46] production.INFO: Telnyx voice webhook received {"event_type":"call.gather.ended","call_control_id":"v3:gHXj7bF2sfvGTOFKDyfbr5IDSKEHWQiF26by2bEq_6_uYumJ1QsqOQ","direction":null} 
[2026-04-06 03:03:46] production.INFO: IVR gather ended {"call_control_id":"v3:gHXj7bF2sfvGTOFKDyfbr5IDSKEHWQiF26by2bEq_6_uYumJ1QsqOQ","digits":"2","call_log_id":626} 
[2026-04-06 03:03:46] production.INFO: IVR: caller pressed 2 — sending SMS {"call_control_id":"v3:gHXj7bF2sfvGTOFKDyfbr5IDSKEHWQiF26by2bEq_6_uYumJ1QsqOQ","caller_number":"+18472123894"} 
[2026-04-06 03:03:46] production.INFO: Callback SMS sent to admin {"admin_user_id":1,"admin_name":"Patryk Szady","phone":"+12249993880"} 
[2026-04-06 03:03:46] production.INFO: Telnyx webhook received {"event_type":"message.sent","message_id":"40319d60-bf0c-4615-a106-6dec2d640493"} 
[2026-04-06 03:03:46] production.INFO: Message sent {"id":"40319d60-bf0c-4615-a106-6dec2d640493","to":"+12249993880","from":"+12247354200"} 
[2026-04-06 03:03:46] production.INFO: Call command sent: speak {"call_control_id":"v3:gHXj7bF2sfvGTOFKDyfbr5IDSKEHWQiF26by2bEq_6_uYumJ1QsqOQ","result":"ok"} 
[2026-04-06 03:03:47] production.INFO: Telnyx webhook received {"event_type":"message.finalized","message_id":"40319d60-bf0c-4615-a106-6dec2d640493"} 
[2026-04-06 03:03:47] production.INFO: Message finalized {"id":"40319d60-bf0c-4615-a106-6dec2d640493","to":"+12249993880","status":"delivered"} 
[2026-04-06 03:03:47] production.INFO: Telnyx voice webhook received {"event_type":"call.speak.started","call_control_id":"v3:gHXj7bF2sfvGTOFKDyfbr5IDSKEHWQiF26by2bEq_6_uYumJ1QsqOQ","direction":null} 
[2026-04-06 03:03:47] production.INFO: TTS speak started {"call_control_id":"v3:gHXj7bF2sfvGTOFKDyfbr5IDSKEHWQiF26by2bEq_6_uYumJ1QsqOQ"} 
[2026-04-06 03:03:53] production.INFO: Telnyx voice webhook received {"event_type":"call.hangup","call_control_id":"v3:gHXj7bF2sfvGTOFKDyfbr5IDSKEHWQiF26by2bEq_6_uYumJ1QsqOQ","direction":null} 
[2026-04-06 03:03:53] production.INFO: Call ended {"call_control_id":"v3:gHXj7bF2sfvGTOFKDyfbr5IDSKEHWQiF26by2bEq_6_uYumJ1QsqOQ","status":"missed","hangup_cause":"normal_clearing","duration":39.958408000000006} 
[2026-04-06 03:03:53] production.INFO: Telnyx voice webhook received {"event_type":"call.speak.ended","call_control_id":"v3:gHXj7bF2sfvGTOFKDyfbr5IDSKEHWQiF26by2bEq_6_uYumJ1QsqOQ","direction":null} 
[2026-04-06 03:03:53] production.INFO: handleCallSpeakEnded ENTRY {"call_control_id":"v3:gHXj7bF2sfvGTOFKDyfbr5IDSKEHWQiF26by2bEq_6_uYumJ1QsqOQ","action":"ivr_sms_confirmation","client_state":{"action":"ivr_sms_confirmation","call_log_id":626},"client_state_raw_present":true} 
[2026-04-06 03:03:53] production.INFO: IVR SMS confirmation done — hanging up {"call_control_id":"v3:gHXj7bF2sfvGTOFKDyfbr5IDSKEHWQiF26by2bEq_6_uYumJ1QsqOQ","call_log_id":626} 
[2026-04-06 03:03:54] production.ERROR: Call command failed: hangup {"call_control_id":"v3:gHXj7bF2sfvGTOFKDyfbr5IDSKEHWQiF26by2bEq_6_uYumJ1QsqOQ","status":422,"error":{"errors":[{"code":"90018","title":"Call has already ended","detail":"This call is no longer active and can't receive commands."}]}} 
