[2026-04-04 01:15:36] production.INFO: Telnyx voice webhook received {"event_type":"call.initiated","call_control_id":"v3:8EErk4vuf8W6L-acPY2vm8PO66PTkjXUadyq-iPe-5thxUTyEzFB5Q","direction":"incoming"} 
[2026-04-04 01:15:37] production.WARNING: ipqualityscore lookup failed {"phone":"+18472123894","message":"You have insufficient credits to make this query. Please contact IPQualityScore support if this error persists."} 
[2026-04-04 01:15:37] production.INFO: Incoming call - answering {"call_control_id":"v3:8EErk4vuf8W6L-acPY2vm8PO66PTkjXUadyq-iPe-5thxUTyEzFB5Q","from":"+18472123894","to":"+12247354200","caller_user_id":null,"caller_name":"GRZEGORZ SZADY"} 
[2026-04-04 01:15:37] production.INFO: Call command sent: answer {"call_control_id":"v3:8EErk4vuf8W6L-acPY2vm8PO66PTkjXUadyq-iPe-5thxUTyEzFB5Q","result":"ok"} 
[2026-04-04 01:15:37] production.INFO: Telnyx voice webhook received {"event_type":"call.answered","call_control_id":"v3:8EErk4vuf8W6L-acPY2vm8PO66PTkjXUadyq-iPe-5thxUTyEzFB5Q","direction":null} 
[2026-04-04 01:15:37] production.INFO: Playing welcome TTS and dialing admins simultaneously {"call_control_id":"v3:8EErk4vuf8W6L-acPY2vm8PO66PTkjXUadyq-iPe-5thxUTyEzFB5Q","tts":"Good evening! Thanks for calling GS Construction. One moment while we connect you to the GS Crew."} 
[2026-04-04 01:15:38] production.INFO: Call command sent: speak {"call_control_id":"v3:8EErk4vuf8W6L-acPY2vm8PO66PTkjXUadyq-iPe-5thxUTyEzFB5Q","result":"ok"} 
[2026-04-04 01:15:38] production.INFO: Dialed admin {"admin_user_id":1,"admin_name":"Patryk Szady","phone":"+12249993880","admin_call_control_id":"v3:FjsZlNMukBUxSsm82hd6gqg2LA00znAQF7jxxh3viUYRRduckVpLlA"} 
[2026-04-04 01:15:38] production.INFO: Telnyx voice webhook received {"event_type":"call.speak.started","call_control_id":"v3:8EErk4vuf8W6L-acPY2vm8PO66PTkjXUadyq-iPe-5thxUTyEzFB5Q","direction":null} 
[2026-04-04 01:15:38] production.INFO: TTS speak started {"call_control_id":"v3:8EErk4vuf8W6L-acPY2vm8PO66PTkjXUadyq-iPe-5thxUTyEzFB5Q"} 
[2026-04-04 01:15:38] production.INFO: Telnyx voice webhook received {"event_type":"call.initiated","call_control_id":"v3:FjsZlNMukBUxSsm82hd6gqg2LA00znAQF7jxxh3viUYRRduckVpLlA","direction":"outgoing"} 
[2026-04-04 01:15:38] production.INFO: Outbound call initiated {"call_control_id":"v3:FjsZlNMukBUxSsm82hd6gqg2LA00znAQF7jxxh3viUYRRduckVpLlA","to":"+12249993880"} 
[2026-04-04 01:15:39] production.DEBUG: Push notification delivered {"endpoint":"https://web.push.apple.com/QDkJcfxcMRPW4uLNUaYZ21nDUMJHCJ-cyja1FMQcNEv6qKbL-ec_s…","status":201} 
[2026-04-04 01:15:39] production.DEBUG: Push notification delivered {"endpoint":"https://fcm.googleapis.com/fcm/send/cYR-NIq4nms:APA91bEppjWa7ZIrYxviNuWljHyZ7qnu…","status":201} 
[2026-04-04 01:15:42] production.INFO: Telnyx voice webhook received {"event_type":"call.answered","call_control_id":"v3:FjsZlNMukBUxSsm82hd6gqg2LA00znAQF7jxxh3viUYRRduckVpLlA","direction":null} 
[2026-04-04 01:15:42] production.INFO: Admin answered during TTS — holding until welcome finishes {"admin_call_control_id":"v3:FjsZlNMukBUxSsm82hd6gqg2LA00znAQF7jxxh3viUYRRduckVpLlA","incoming_call_control_id":"v3:8EErk4vuf8W6L-acPY2vm8PO66PTkjXUadyq-iPe-5thxUTyEzFB5Q","call_log_id":565,"admin_user_id":1} 
[2026-04-04 01:15:43] production.INFO: Call command sent: playback_start {"call_control_id":"v3:FjsZlNMukBUxSsm82hd6gqg2LA00znAQF7jxxh3viUYRRduckVpLlA","result":"ok"} 
[2026-04-04 01:15:43] production.INFO: Telnyx voice webhook received {"event_type":"call.playback.started","call_control_id":"v3:FjsZlNMukBUxSsm82hd6gqg2LA00znAQF7jxxh3viUYRRduckVpLlA","direction":null} 
[2026-04-04 01:15:43] production.INFO: Unhandled voice event {"event_type":"call.playback.started"} 
[2026-04-04 01:15:45] production.INFO: Telnyx voice webhook received {"event_type":"call.speak.ended","call_control_id":"v3:8EErk4vuf8W6L-acPY2vm8PO66PTkjXUadyq-iPe-5thxUTyEzFB5Q","direction":null} 
[2026-04-04 01:15:45] production.INFO: handleCallSpeakEnded ENTRY {"call_control_id":"v3:8EErk4vuf8W6L-acPY2vm8PO66PTkjXUadyq-iPe-5thxUTyEzFB5Q","action":"welcome_done","client_state":{"action":"welcome_done","call_log_id":565,"original_caller":"+18472123894"},"client_state_raw_present":true} 
[2026-04-04 01:15:45] production.INFO: TTS completed — admin already waiting, bridging now {"call_control_id":"v3:8EErk4vuf8W6L-acPY2vm8PO66PTkjXUadyq-iPe-5thxUTyEzFB5Q","call_log_id":565,"pending_admin_cc_id":"v3:FjsZlNMukBUxSsm82hd6gqg2LA00znAQF7jxxh3viUYRRduckVpLlA"} 
[2026-04-04 01:15:45] production.INFO: Bridging admin with caller {"admin_call_control_id":"v3:FjsZlNMukBUxSsm82hd6gqg2LA00znAQF7jxxh3viUYRRduckVpLlA","incoming_call_control_id":"v3:8EErk4vuf8W6L-acPY2vm8PO66PTkjXUadyq-iPe-5thxUTyEzFB5Q","admin_user_id":1,"admin_name":"Patryk Szady"} 
[2026-04-04 01:15:45] production.INFO: Call command sent: playback_stop {"call_control_id":"v3:8EErk4vuf8W6L-acPY2vm8PO66PTkjXUadyq-iPe-5thxUTyEzFB5Q","result":"ok"} 
[2026-04-04 01:15:45] production.INFO: Calls bridged successfully {"call_control_id_a":"v3:FjsZlNMukBUxSsm82hd6gqg2LA00znAQF7jxxh3viUYRRduckVpLlA","call_control_id_b":"v3:8EErk4vuf8W6L-acPY2vm8PO66PTkjXUadyq-iPe-5thxUTyEzFB5Q"} 
[2026-04-04 01:15:46] production.INFO: Telnyx voice webhook received {"event_type":"call.bridged","call_control_id":"v3:FjsZlNMukBUxSsm82hd6gqg2LA00znAQF7jxxh3viUYRRduckVpLlA","direction":null} 
[2026-04-04 01:15:46] production.INFO: Call bridged {"call_control_id":"v3:FjsZlNMukBUxSsm82hd6gqg2LA00znAQF7jxxh3viUYRRduckVpLlA","call_session_id":"ca3446ac-2fc3-11f1-8963-02420aef551f"} 
[2026-04-04 01:15:46] production.INFO: Telnyx voice webhook received {"event_type":"call.bridged","call_control_id":"v3:8EErk4vuf8W6L-acPY2vm8PO66PTkjXUadyq-iPe-5thxUTyEzFB5Q","direction":null} 
[2026-04-04 01:15:46] production.INFO: Call bridged {"call_control_id":"v3:8EErk4vuf8W6L-acPY2vm8PO66PTkjXUadyq-iPe-5thxUTyEzFB5Q","call_session_id":"c8dfc57e-2fc3-11f1-98c5-02420aef52a0"} 
[2026-04-04 01:15:46] production.INFO: Telnyx voice webhook received {"event_type":"call.playback.ended","call_control_id":"v3:FjsZlNMukBUxSsm82hd6gqg2LA00znAQF7jxxh3viUYRRduckVpLlA","direction":null} 
[2026-04-04 01:15:50] production.INFO: Telnyx voice webhook received {"event_type":"call.hangup","call_control_id":"v3:8EErk4vuf8W6L-acPY2vm8PO66PTkjXUadyq-iPe-5thxUTyEzFB5Q","direction":null} 
[2026-04-04 01:15:50] production.INFO: Call ended {"call_control_id":"v3:8EErk4vuf8W6L-acPY2vm8PO66PTkjXUadyq-iPe-5thxUTyEzFB5Q","status":"completed","hangup_cause":"normal_clearing","duration":13.063352} 
[2026-04-04 01:15:50] production.INFO: Telnyx voice webhook received {"event_type":"call.hangup","call_control_id":"v3:FjsZlNMukBUxSsm82hd6gqg2LA00znAQF7jxxh3viUYRRduckVpLlA","direction":null} 
[2026-04-04 01:15:56] production.INFO: Telnyx voice webhook received {"event_type":"call.initiated","call_control_id":"v3:xIBXOnSup3KcU4nq06y_-685n2T58dMTJU7H2nlk29Rr32IiT3b3cw","direction":"incoming"} 
[2026-04-04 01:15:57] production.WARNING: ipqualityscore lookup failed {"phone":"+18472123894","message":"You have insufficient credits to make this query. Please contact IPQualityScore support if this error persists."} 
[2026-04-04 01:15:57] production.INFO: Incoming call - answering {"call_control_id":"v3:xIBXOnSup3KcU4nq06y_-685n2T58dMTJU7H2nlk29Rr32IiT3b3cw","from":"+18472123894","to":"+12247354200","caller_user_id":null,"caller_name":"GRZEGORZ SZADY"} 
[2026-04-04 01:15:57] production.DEBUG: Push notification delivered {"endpoint":"https://web.push.apple.com/QDkJcfxcMRPW4uLNUaYZ21nDUMJHCJ-cyja1FMQcNEv6qKbL-ec_s…","status":201} 
[2026-04-04 01:15:57] production.DEBUG: Push notification delivered {"endpoint":"https://fcm.googleapis.com/fcm/send/cYR-NIq4nms:APA91bEppjWa7ZIrYxviNuWljHyZ7qnu…","status":201} 
[2026-04-04 01:15:57] production.INFO: Call command sent: answer {"call_control_id":"v3:xIBXOnSup3KcU4nq06y_-685n2T58dMTJU7H2nlk29Rr32IiT3b3cw","result":"ok"} 
[2026-04-04 01:15:57] production.INFO: Telnyx voice webhook received {"event_type":"call.answered","call_control_id":"v3:xIBXOnSup3KcU4nq06y_-685n2T58dMTJU7H2nlk29Rr32IiT3b3cw","direction":null} 
[2026-04-04 01:15:57] production.INFO: Playing welcome TTS and dialing admins simultaneously {"call_control_id":"v3:xIBXOnSup3KcU4nq06y_-685n2T58dMTJU7H2nlk29Rr32IiT3b3cw","tts":"Good evening! Thanks for calling GS Construction. One moment while we connect you to the GS Crew."} 
[2026-04-04 01:15:57] production.INFO: Call command sent: speak {"call_control_id":"v3:xIBXOnSup3KcU4nq06y_-685n2T58dMTJU7H2nlk29Rr32IiT3b3cw","result":"ok"} 
[2026-04-04 01:15:58] production.INFO: Dialed admin {"admin_user_id":1,"admin_name":"Patryk Szady","phone":"+12249993880","admin_call_control_id":"v3:BOV7v03hcSlXtUNpIr7wgb4R_ge47ADVevtasgVbtgEV6ZW-zW9GPA"} 
[2026-04-04 01:15:58] production.INFO: Telnyx voice webhook received {"event_type":"call.initiated","call_control_id":"v3:BOV7v03hcSlXtUNpIr7wgb4R_ge47ADVevtasgVbtgEV6ZW-zW9GPA","direction":"outgoing"} 
[2026-04-04 01:15:58] production.INFO: Outbound call initiated {"call_control_id":"v3:BOV7v03hcSlXtUNpIr7wgb4R_ge47ADVevtasgVbtgEV6ZW-zW9GPA","to":"+12249993880"} 
[2026-04-04 01:15:58] production.INFO: Telnyx voice webhook received {"event_type":"call.speak.started","call_control_id":"v3:xIBXOnSup3KcU4nq06y_-685n2T58dMTJU7H2nlk29Rr32IiT3b3cw","direction":null} 
[2026-04-04 01:15:58] production.INFO: TTS speak started {"call_control_id":"v3:xIBXOnSup3KcU4nq06y_-685n2T58dMTJU7H2nlk29Rr32IiT3b3cw"} 
[2026-04-04 01:16:04] production.INFO: Telnyx voice webhook received {"event_type":"call.speak.ended","call_control_id":"v3:xIBXOnSup3KcU4nq06y_-685n2T58dMTJU7H2nlk29Rr32IiT3b3cw","direction":null} 
[2026-04-04 01:16:04] production.INFO: handleCallSpeakEnded ENTRY {"call_control_id":"v3:xIBXOnSup3KcU4nq06y_-685n2T58dMTJU7H2nlk29Rr32IiT3b3cw","action":"welcome_done","client_state":{"action":"welcome_done","call_log_id":566,"original_caller":"+18472123894"},"client_state_raw_present":true} 
[2026-04-04 01:16:04] production.INFO: TTS completed — no admin answered yet, playing ringback {"call_control_id":"v3:xIBXOnSup3KcU4nq06y_-685n2T58dMTJU7H2nlk29Rr32IiT3b3cw","call_log_id":566} 
[2026-04-04 01:16:05] production.INFO: Call command sent: playback_start {"call_control_id":"v3:xIBXOnSup3KcU4nq06y_-685n2T58dMTJU7H2nlk29Rr32IiT3b3cw","result":"ok"} 
[2026-04-04 01:16:05] production.INFO: Telnyx voice webhook received {"event_type":"call.playback.started","call_control_id":"v3:xIBXOnSup3KcU4nq06y_-685n2T58dMTJU7H2nlk29Rr32IiT3b3cw","direction":null} 
[2026-04-04 01:16:05] production.INFO: Unhandled voice event {"event_type":"call.playback.started"} 
[2026-04-04 01:16:07] production.INFO: Telnyx voice webhook received {"event_type":"call.answered","call_control_id":"v3:BOV7v03hcSlXtUNpIr7wgb4R_ge47ADVevtasgVbtgEV6ZW-zW9GPA","direction":null} 
[2026-04-04 01:16:07] production.INFO: Admin answered (TTS done) — bridging with caller {"admin_call_control_id":"v3:BOV7v03hcSlXtUNpIr7wgb4R_ge47ADVevtasgVbtgEV6ZW-zW9GPA","incoming_call_control_id":"v3:xIBXOnSup3KcU4nq06y_-685n2T58dMTJU7H2nlk29Rr32IiT3b3cw","call_log_id":566,"admin_user_id":1} 
[2026-04-04 01:16:07] production.INFO: Bridging admin with caller {"admin_call_control_id":"v3:BOV7v03hcSlXtUNpIr7wgb4R_ge47ADVevtasgVbtgEV6ZW-zW9GPA","incoming_call_control_id":"v3:xIBXOnSup3KcU4nq06y_-685n2T58dMTJU7H2nlk29Rr32IiT3b3cw","admin_user_id":1,"admin_name":"Patryk Szady"} 
[2026-04-04 01:16:07] production.INFO: Call command sent: playback_stop {"call_control_id":"v3:xIBXOnSup3KcU4nq06y_-685n2T58dMTJU7H2nlk29Rr32IiT3b3cw","result":"ok"} 
[2026-04-04 01:16:07] production.INFO: Telnyx voice webhook received {"event_type":"call.playback.ended","call_control_id":"v3:xIBXOnSup3KcU4nq06y_-685n2T58dMTJU7H2nlk29Rr32IiT3b3cw","direction":null} 
[2026-04-04 01:16:07] production.INFO: Calls bridged successfully {"call_control_id_a":"v3:BOV7v03hcSlXtUNpIr7wgb4R_ge47ADVevtasgVbtgEV6ZW-zW9GPA","call_control_id_b":"v3:xIBXOnSup3KcU4nq06y_-685n2T58dMTJU7H2nlk29Rr32IiT3b3cw"} 
[2026-04-04 01:16:07] production.INFO: Call command sent: playback_start {"call_control_id":"v3:xIBXOnSup3KcU4nq06y_-685n2T58dMTJU7H2nlk29Rr32IiT3b3cw","result":"ok"} 
[2026-04-04 01:16:08] production.INFO: Telnyx voice webhook received {"event_type":"call.bridged","call_control_id":"v3:BOV7v03hcSlXtUNpIr7wgb4R_ge47ADVevtasgVbtgEV6ZW-zW9GPA","direction":null} 
[2026-04-04 01:16:08] production.INFO: Call bridged {"call_control_id":"v3:BOV7v03hcSlXtUNpIr7wgb4R_ge47ADVevtasgVbtgEV6ZW-zW9GPA","call_session_id":"d5dd738e-2fc3-11f1-b215-02420aef50a0"} 
[2026-04-04 01:16:08] production.INFO: Telnyx voice webhook received {"event_type":"call.bridged","call_control_id":"v3:xIBXOnSup3KcU4nq06y_-685n2T58dMTJU7H2nlk29Rr32IiT3b3cw","direction":null} 
[2026-04-04 01:16:08] production.INFO: Call bridged {"call_control_id":"v3:xIBXOnSup3KcU4nq06y_-685n2T58dMTJU7H2nlk29Rr32IiT3b3cw","call_session_id":"d4eed1ac-2fc3-11f1-bb89-02420aefe472"} 
[2026-04-04 01:16:08] production.INFO: Telnyx voice webhook received {"event_type":"call.playback.started","call_control_id":"v3:xIBXOnSup3KcU4nq06y_-685n2T58dMTJU7H2nlk29Rr32IiT3b3cw","direction":null} 
[2026-04-04 01:16:08] production.INFO: Unhandled voice event {"event_type":"call.playback.started"} 
[2026-04-04 01:16:16] production.INFO: Telnyx voice webhook received {"event_type":"call.hangup","call_control_id":"v3:BOV7v03hcSlXtUNpIr7wgb4R_ge47ADVevtasgVbtgEV6ZW-zW9GPA","direction":null} 
[2026-04-04 01:16:16] production.INFO: Admin ring leg hung up {"admin_call_control_id":"v3:BOV7v03hcSlXtUNpIr7wgb4R_ge47ADVevtasgVbtgEV6ZW-zW9GPA","hangup_cause":"normal_clearing","call_log_id":566} 
[2026-04-04 01:16:16] production.INFO: Telnyx voice webhook received {"event_type":"call.hangup","call_control_id":"v3:xIBXOnSup3KcU4nq06y_-685n2T58dMTJU7H2nlk29Rr32IiT3b3cw","direction":null} 
[2026-04-04 01:16:16] production.INFO: Call ended {"call_control_id":"v3:xIBXOnSup3KcU4nq06y_-685n2T58dMTJU7H2nlk29Rr32IiT3b3cw","status":"completed","hangup_cause":"normal_clearing","duration":19.943336} 
[2026-04-04 01:16:16] production.INFO: Telnyx voice webhook received {"event_type":"call.playback.ended","call_control_id":"v3:xIBXOnSup3KcU4nq06y_-685n2T58dMTJU7H2nlk29Rr32IiT3b3cw","direction":null} 
[2026-04-04 01:17:12] production.INFO: Telnyx voice webhook received {"event_type":"call.initiated","call_control_id":"v3:u0NsFRDb8JxTr31ImoYPEwdvb-g0Bo83orgYg1x0hK0xCXAzPumj8Q","direction":"incoming"} 
[2026-04-04 01:17:12] production.WARNING: ipqualityscore lookup failed {"phone":"+18472123894","message":"You have insufficient credits to make this query. Please contact IPQualityScore support if this error persists."} 
[2026-04-04 01:17:12] production.INFO: Incoming call - answering {"call_control_id":"v3:u0NsFRDb8JxTr31ImoYPEwdvb-g0Bo83orgYg1x0hK0xCXAzPumj8Q","from":"+18472123894","to":"+12247354200","caller_user_id":null,"caller_name":"GRZEGORZ SZADY"} 
[2026-04-04 01:17:13] production.INFO: Call command sent: answer {"call_control_id":"v3:u0NsFRDb8JxTr31ImoYPEwdvb-g0Bo83orgYg1x0hK0xCXAzPumj8Q","result":"ok"} 
[2026-04-04 01:17:13] production.INFO: Telnyx voice webhook received {"event_type":"call.answered","call_control_id":"v3:u0NsFRDb8JxTr31ImoYPEwdvb-g0Bo83orgYg1x0hK0xCXAzPumj8Q","direction":null} 
[2026-04-04 01:17:13] production.INFO: Playing welcome TTS and dialing admins simultaneously {"call_control_id":"v3:u0NsFRDb8JxTr31ImoYPEwdvb-g0Bo83orgYg1x0hK0xCXAzPumj8Q","tts":"Good evening! Thanks for calling GS Construction. One moment while we connect you to the GS Crew."} 
[2026-04-04 01:17:13] production.INFO: Call command sent: speak {"call_control_id":"v3:u0NsFRDb8JxTr31ImoYPEwdvb-g0Bo83orgYg1x0hK0xCXAzPumj8Q","result":"ok"} 
[2026-04-04 01:17:13] production.INFO: Dialed admin {"admin_user_id":1,"admin_name":"Patryk Szady","phone":"+12249993880","admin_call_control_id":"v3:ts7do_zs8ElEMpvu0sS8hEn2Gd1TPW3RewN-0zvOjFtmSQK6FGT61A"} 
[2026-04-04 01:17:14] production.INFO: Telnyx voice webhook received {"event_type":"call.speak.started","call_control_id":"v3:u0NsFRDb8JxTr31ImoYPEwdvb-g0Bo83orgYg1x0hK0xCXAzPumj8Q","direction":null} 
[2026-04-04 01:17:14] production.INFO: TTS speak started {"call_control_id":"v3:u0NsFRDb8JxTr31ImoYPEwdvb-g0Bo83orgYg1x0hK0xCXAzPumj8Q"} 
[2026-04-04 01:17:14] production.INFO: Telnyx voice webhook received {"event_type":"call.initiated","call_control_id":"v3:ts7do_zs8ElEMpvu0sS8hEn2Gd1TPW3RewN-0zvOjFtmSQK6FGT61A","direction":"outgoing"} 
[2026-04-04 01:17:14] production.INFO: Outbound call initiated {"call_control_id":"v3:ts7do_zs8ElEMpvu0sS8hEn2Gd1TPW3RewN-0zvOjFtmSQK6FGT61A","to":"+12249993880"} 
[2026-04-04 01:17:15] production.DEBUG: Push notification delivered {"endpoint":"https://web.push.apple.com/QDkJcfxcMRPW4uLNUaYZ21nDUMJHCJ-cyja1FMQcNEv6qKbL-ec_s…","status":201} 
[2026-04-04 01:17:15] production.DEBUG: Push notification delivered {"endpoint":"https://fcm.googleapis.com/fcm/send/cYR-NIq4nms:APA91bEppjWa7ZIrYxviNuWljHyZ7qnu…","status":201} 
[2026-04-04 01:17:20] production.INFO: Telnyx voice webhook received {"event_type":"call.speak.ended","call_control_id":"v3:u0NsFRDb8JxTr31ImoYPEwdvb-g0Bo83orgYg1x0hK0xCXAzPumj8Q","direction":null} 
[2026-04-04 01:17:20] production.INFO: handleCallSpeakEnded ENTRY {"call_control_id":"v3:u0NsFRDb8JxTr31ImoYPEwdvb-g0Bo83orgYg1x0hK0xCXAzPumj8Q","action":"welcome_done","client_state":{"action":"welcome_done","call_log_id":567,"original_caller":"+18472123894"},"client_state_raw_present":true} 
[2026-04-04 01:17:20] production.INFO: TTS completed — no admin answered yet, playing ringback {"call_control_id":"v3:u0NsFRDb8JxTr31ImoYPEwdvb-g0Bo83orgYg1x0hK0xCXAzPumj8Q","call_log_id":567} 
[2026-04-04 01:17:20] production.INFO: Call command sent: playback_start {"call_control_id":"v3:u0NsFRDb8JxTr31ImoYPEwdvb-g0Bo83orgYg1x0hK0xCXAzPumj8Q","result":"ok"} 
[2026-04-04 01:17:21] production.INFO: Telnyx voice webhook received {"event_type":"call.playback.started","call_control_id":"v3:u0NsFRDb8JxTr31ImoYPEwdvb-g0Bo83orgYg1x0hK0xCXAzPumj8Q","direction":null} 
[2026-04-04 01:17:21] production.INFO: Unhandled voice event {"event_type":"call.playback.started"} 
[2026-04-04 01:17:28] production.INFO: Telnyx voice webhook received {"event_type":"call.hangup","call_control_id":"v3:ts7do_zs8ElEMpvu0sS8hEn2Gd1TPW3RewN-0zvOjFtmSQK6FGT61A","direction":null} 
[2026-04-04 01:17:28] production.INFO: Admin ring leg hung up {"admin_call_control_id":"v3:ts7do_zs8ElEMpvu0sS8hEn2Gd1TPW3RewN-0zvOjFtmSQK6FGT61A","hangup_cause":"timeout","call_log_id":567} 
[2026-04-04 01:17:28] production.INFO: All admin legs failed on first attempt — retrying immediately {"incoming_call_control_id":"v3:u0NsFRDb8JxTr31ImoYPEwdvb-g0Bo83orgYg1x0hK0xCXAzPumj8Q","call_log_id":567,"attempt":1} 
[2026-04-04 01:17:29] production.INFO: Dialed admin {"admin_user_id":1,"admin_name":"Patryk Szady","phone":"+12249993880","admin_call_control_id":"v3:ON4wiMWRzV7blmDBfsIlQLkx1VHDxl8cZVJxDLMsV9l7JkcXRaPVmw"} 
[2026-04-04 01:17:29] production.INFO: Telnyx voice webhook received {"event_type":"call.initiated","call_control_id":"v3:ON4wiMWRzV7blmDBfsIlQLkx1VHDxl8cZVJxDLMsV9l7JkcXRaPVmw","direction":"outgoing"} 
[2026-04-04 01:17:29] production.INFO: Outbound call initiated {"call_control_id":"v3:ON4wiMWRzV7blmDBfsIlQLkx1VHDxl8cZVJxDLMsV9l7JkcXRaPVmw","to":"+12249993880"} 
[2026-04-04 01:17:44] production.INFO: Telnyx voice webhook received {"event_type":"call.hangup","call_control_id":"v3:ON4wiMWRzV7blmDBfsIlQLkx1VHDxl8cZVJxDLMsV9l7JkcXRaPVmw","direction":null} 
[2026-04-04 01:17:44] production.INFO: Admin ring leg hung up {"admin_call_control_id":"v3:ON4wiMWRzV7blmDBfsIlQLkx1VHDxl8cZVJxDLMsV9l7JkcXRaPVmw","hangup_cause":"timeout","call_log_id":567} 
[2026-04-04 01:17:44] production.INFO: All admin legs failed after retry — triggering voicemail {"incoming_call_control_id":"v3:u0NsFRDb8JxTr31ImoYPEwdvb-g0Bo83orgYg1x0hK0xCXAzPumj8Q","call_log_id":567} 
[2026-04-04 01:17:44] production.INFO: Call command sent: playback_stop {"call_control_id":"v3:u0NsFRDb8JxTr31ImoYPEwdvb-g0Bo83orgYg1x0hK0xCXAzPumj8Q","result":"ok"} 
[2026-04-04 01:17:44] production.INFO: Playing voicemail IVR menu {"call_control_id":"v3:u0NsFRDb8JxTr31ImoYPEwdvb-g0Bo83orgYg1x0hK0xCXAzPumj8Q","call_log_id":567,"ivr_prompt":"GS Construction is not available right now. Press 2 to send a text on your behalf so the GS Crew knows to call you back ASAP. Stay on the line to leave a voicemail.","is_known_caller":false} 
[2026-04-04 01:17:44] production.INFO: Telnyx voice webhook received {"event_type":"call.playback.ended","call_control_id":"v3:u0NsFRDb8JxTr31ImoYPEwdvb-g0Bo83orgYg1x0hK0xCXAzPumj8Q","direction":null} 
[2026-04-04 01:17:44] production.INFO: Call command sent: gather_using_speak {"call_control_id":"v3:u0NsFRDb8JxTr31ImoYPEwdvb-g0Bo83orgYg1x0hK0xCXAzPumj8Q","result":"ok"} 
[2026-04-04 01:17:45] production.INFO: Telnyx voice webhook received {"event_type":"call.speak.started","call_control_id":"v3:u0NsFRDb8JxTr31ImoYPEwdvb-g0Bo83orgYg1x0hK0xCXAzPumj8Q","direction":null} 
[2026-04-04 01:17:45] production.INFO: TTS speak started {"call_control_id":"v3:u0NsFRDb8JxTr31ImoYPEwdvb-g0Bo83orgYg1x0hK0xCXAzPumj8Q"} 
[2026-04-04 01:17:56] production.INFO: Telnyx voice webhook received {"event_type":"call.speak.ended","call_control_id":"v3:u0NsFRDb8JxTr31ImoYPEwdvb-g0Bo83orgYg1x0hK0xCXAzPumj8Q","direction":null} 
[2026-04-04 01:17:56] production.INFO: handleCallSpeakEnded ENTRY {"call_control_id":"v3:u0NsFRDb8JxTr31ImoYPEwdvb-g0Bo83orgYg1x0hK0xCXAzPumj8Q","action":"voicemail_ivr_menu","client_state":{"action":"voicemail_ivr_menu","call_log_id":567,"original_caller":"+18472123894","is_known_caller":false},"client_state_raw_present":true} 
[2026-04-04 01:18:03] production.INFO: Telnyx voice webhook received {"event_type":"call.gather.ended","call_control_id":"v3:u0NsFRDb8JxTr31ImoYPEwdvb-g0Bo83orgYg1x0hK0xCXAzPumj8Q","direction":null} 
[2026-04-04 01:18:03] production.INFO: IVR gather ended {"call_control_id":"v3:u0NsFRDb8JxTr31ImoYPEwdvb-g0Bo83orgYg1x0hK0xCXAzPumj8Q","digits":"","call_log_id":567} 
[2026-04-04 01:18:03] production.INFO: IVR: no digit pressed — playing voicemail greeting {"call_control_id":"v3:u0NsFRDb8JxTr31ImoYPEwdvb-g0Bo83orgYg1x0hK0xCXAzPumj8Q"} 
[2026-04-04 01:18:03] production.INFO: Call command sent: speak {"call_control_id":"v3:u0NsFRDb8JxTr31ImoYPEwdvb-g0Bo83orgYg1x0hK0xCXAzPumj8Q","result":"ok"} 
[2026-04-04 01:18:04] production.INFO: Telnyx voice webhook received {"event_type":"call.speak.started","call_control_id":"v3:u0NsFRDb8JxTr31ImoYPEwdvb-g0Bo83orgYg1x0hK0xCXAzPumj8Q","direction":null} 
[2026-04-04 01:18:04] production.INFO: TTS speak started {"call_control_id":"v3:u0NsFRDb8JxTr31ImoYPEwdvb-g0Bo83orgYg1x0hK0xCXAzPumj8Q"} 
[2026-04-04 01:18:21] production.INFO: Telnyx voice webhook received {"event_type":"call.speak.ended","call_control_id":"v3:u0NsFRDb8JxTr31ImoYPEwdvb-g0Bo83orgYg1x0hK0xCXAzPumj8Q","direction":null} 
[2026-04-04 01:18:21] production.INFO: handleCallSpeakEnded ENTRY {"call_control_id":"v3:u0NsFRDb8JxTr31ImoYPEwdvb-g0Bo83orgYg1x0hK0xCXAzPumj8Q","action":"voicemail_prompt_done","client_state":{"action":"voicemail_prompt_done","call_log_id":567},"client_state_raw_present":true} 
[2026-04-04 01:18:21] production.INFO: Voicemail prompt done — starting recording {"call_control_id":"v3:u0NsFRDb8JxTr31ImoYPEwdvb-g0Bo83orgYg1x0hK0xCXAzPumj8Q"} 
[2026-04-04 01:18:21] production.INFO: Telnyx voice webhook received {"event_type":"call.hangup","call_control_id":"v3:u0NsFRDb8JxTr31ImoYPEwdvb-g0Bo83orgYg1x0hK0xCXAzPumj8Q","direction":null} 
[2026-04-04 01:18:21] production.INFO: Call ended {"call_control_id":"v3:u0NsFRDb8JxTr31ImoYPEwdvb-g0Bo83orgYg1x0hK0xCXAzPumj8Q","status":"missed","hangup_cause":"normal_clearing","duration":68.515602} 
[2026-04-04 01:18:21] production.ERROR: Call command failed: record_start {"call_control_id":"v3:u0NsFRDb8JxTr31ImoYPEwdvb-g0Bo83orgYg1x0hK0xCXAzPumj8Q","status":422,"error":{"errors":[{"code":"90018","title":"Call has already ended","detail":"This call is no longer active and can't receive commands."}]}} 
[2026-04-04 01:39:49] production.INFO: Telnyx voice webhook received {"event_type":"call.initiated","call_control_id":"v3:w3MOyBRXWtfwHd-JsToXg3n10hYx7fiy_ssqH6MxYtR45FgVx5CpEQ","direction":"incoming"} 
[2026-04-04 01:39:50] production.WARNING: ipqualityscore lookup failed {"phone":"+18472123894","message":"You have insufficient credits to make this query. Please contact IPQualityScore support if this error persists."} 
[2026-04-04 01:39:50] production.INFO: Incoming call - answering {"call_control_id":"v3:w3MOyBRXWtfwHd-JsToXg3n10hYx7fiy_ssqH6MxYtR45FgVx5CpEQ","from":"+18472123894","to":"+12247354200","caller_user_id":null,"caller_name":"GRZEGORZ SZADY"} 
[2026-04-04 01:39:51] production.INFO: Call command sent: answer {"call_control_id":"v3:w3MOyBRXWtfwHd-JsToXg3n10hYx7fiy_ssqH6MxYtR45FgVx5CpEQ","result":"ok"} 
[2026-04-04 01:39:51] production.INFO: Telnyx voice webhook received {"event_type":"call.answered","call_control_id":"v3:w3MOyBRXWtfwHd-JsToXg3n10hYx7fiy_ssqH6MxYtR45FgVx5CpEQ","direction":null} 
[2026-04-04 01:39:51] production.INFO: Playing welcome TTS and dialing admins simultaneously {"call_control_id":"v3:w3MOyBRXWtfwHd-JsToXg3n10hYx7fiy_ssqH6MxYtR45FgVx5CpEQ","tts":"Good evening! Thanks for calling GS Construction. One moment while we connect you to the GS Crew."} 
[2026-04-04 01:39:51] production.INFO: Call command sent: speak {"call_control_id":"v3:w3MOyBRXWtfwHd-JsToXg3n10hYx7fiy_ssqH6MxYtR45FgVx5CpEQ","result":"ok"} 
[2026-04-04 01:39:51] production.INFO: Dialed admin {"admin_user_id":1,"admin_name":"Patryk Szady","phone":"+12249993880","admin_call_control_id":"v3:xHjA9AyUtc-mTxQelKwwDCS-pdsEXTOBueHuPJ5T8-L9NJ0x-gyzfw"} 
[2026-04-04 01:39:52] production.INFO: Telnyx voice webhook received {"event_type":"call.initiated","call_control_id":"v3:xHjA9AyUtc-mTxQelKwwDCS-pdsEXTOBueHuPJ5T8-L9NJ0x-gyzfw","direction":"outgoing"} 
[2026-04-04 01:39:52] production.INFO: Outbound call initiated {"call_control_id":"v3:xHjA9AyUtc-mTxQelKwwDCS-pdsEXTOBueHuPJ5T8-L9NJ0x-gyzfw","to":"+12249993880"} 
[2026-04-04 01:39:52] production.DEBUG: Push notification delivered {"endpoint":"https://web.push.apple.com/QDkJcfxcMRPW4uLNUaYZ21nDUMJHCJ-cyja1FMQcNEv6qKbL-ec_s…","status":201} 
[2026-04-04 01:39:52] production.DEBUG: Push notification delivered {"endpoint":"https://fcm.googleapis.com/fcm/send/cYR-NIq4nms:APA91bEppjWa7ZIrYxviNuWljHyZ7qnu…","status":201} 
[2026-04-04 01:39:52] production.INFO: Telnyx voice webhook received {"event_type":"call.speak.started","call_control_id":"v3:w3MOyBRXWtfwHd-JsToXg3n10hYx7fiy_ssqH6MxYtR45FgVx5CpEQ","direction":null} 
[2026-04-04 01:39:52] production.INFO: TTS speak started {"call_control_id":"v3:w3MOyBRXWtfwHd-JsToXg3n10hYx7fiy_ssqH6MxYtR45FgVx5CpEQ"} 
[2026-04-04 01:39:54] production.INFO: Telnyx voice webhook received {"event_type":"call.answered","call_control_id":"v3:xHjA9AyUtc-mTxQelKwwDCS-pdsEXTOBueHuPJ5T8-L9NJ0x-gyzfw","direction":null} 
[2026-04-04 01:39:54] production.INFO: Admin answered during TTS — holding until welcome finishes {"admin_call_control_id":"v3:xHjA9AyUtc-mTxQelKwwDCS-pdsEXTOBueHuPJ5T8-L9NJ0x-gyzfw","incoming_call_control_id":"v3:w3MOyBRXWtfwHd-JsToXg3n10hYx7fiy_ssqH6MxYtR45FgVx5CpEQ","call_log_id":568,"admin_user_id":1} 
[2026-04-04 01:39:54] production.INFO: Call command sent: playback_start {"call_control_id":"v3:xHjA9AyUtc-mTxQelKwwDCS-pdsEXTOBueHuPJ5T8-L9NJ0x-gyzfw","result":"ok"} 
[2026-04-04 01:39:54] production.INFO: Telnyx voice webhook received {"event_type":"call.playback.started","call_control_id":"v3:xHjA9AyUtc-mTxQelKwwDCS-pdsEXTOBueHuPJ5T8-L9NJ0x-gyzfw","direction":null} 
[2026-04-04 01:39:54] production.INFO: Unhandled voice event {"event_type":"call.playback.started"} 
[2026-04-04 01:39:57] production.INFO: Telnyx voice webhook received {"event_type":"call.speak.ended","call_control_id":"v3:w3MOyBRXWtfwHd-JsToXg3n10hYx7fiy_ssqH6MxYtR45FgVx5CpEQ","direction":null} 
[2026-04-04 01:39:57] production.INFO: handleCallSpeakEnded ENTRY {"call_control_id":"v3:w3MOyBRXWtfwHd-JsToXg3n10hYx7fiy_ssqH6MxYtR45FgVx5CpEQ","action":"welcome_done","client_state":{"action":"welcome_done","call_log_id":568,"original_caller":"+18472123894"},"client_state_raw_present":true} 
[2026-04-04 01:39:57] production.INFO: TTS completed — admin already waiting, bridging now {"call_control_id":"v3:w3MOyBRXWtfwHd-JsToXg3n10hYx7fiy_ssqH6MxYtR45FgVx5CpEQ","call_log_id":568,"pending_admin_cc_id":"v3:xHjA9AyUtc-mTxQelKwwDCS-pdsEXTOBueHuPJ5T8-L9NJ0x-gyzfw"} 
[2026-04-04 01:39:57] production.INFO: Bridging admin with caller {"admin_call_control_id":"v3:xHjA9AyUtc-mTxQelKwwDCS-pdsEXTOBueHuPJ5T8-L9NJ0x-gyzfw","incoming_call_control_id":"v3:w3MOyBRXWtfwHd-JsToXg3n10hYx7fiy_ssqH6MxYtR45FgVx5CpEQ","admin_user_id":1,"admin_name":"Patryk Szady"} 
[2026-04-04 01:39:57] production.INFO: Call command sent: playback_stop {"call_control_id":"v3:w3MOyBRXWtfwHd-JsToXg3n10hYx7fiy_ssqH6MxYtR45FgVx5CpEQ","result":"ok"} 
[2026-04-04 01:39:57] production.INFO: Calls bridged successfully {"call_control_id_a":"v3:xHjA9AyUtc-mTxQelKwwDCS-pdsEXTOBueHuPJ5T8-L9NJ0x-gyzfw","call_control_id_b":"v3:w3MOyBRXWtfwHd-JsToXg3n10hYx7fiy_ssqH6MxYtR45FgVx5CpEQ"} 
[2026-04-04 01:39:57] production.INFO: Telnyx voice webhook received {"event_type":"call.bridged","call_control_id":"v3:xHjA9AyUtc-mTxQelKwwDCS-pdsEXTOBueHuPJ5T8-L9NJ0x-gyzfw","direction":null} 
[2026-04-04 01:39:57] production.INFO: Call bridged {"call_control_id":"v3:xHjA9AyUtc-mTxQelKwwDCS-pdsEXTOBueHuPJ5T8-L9NJ0x-gyzfw","call_session_id":"2c940118-2fc7-11f1-b7bc-02420aef52a0"} 
[2026-04-04 01:39:57] production.INFO: Telnyx voice webhook received {"event_type":"call.bridged","call_control_id":"v3:w3MOyBRXWtfwHd-JsToXg3n10hYx7fiy_ssqH6MxYtR45FgVx5CpEQ","direction":null} 
[2026-04-04 01:39:57] production.INFO: Call bridged {"call_control_id":"v3:w3MOyBRXWtfwHd-JsToXg3n10hYx7fiy_ssqH6MxYtR45FgVx5CpEQ","call_session_id":"2aae9aca-2fc7-11f1-bc3c-02420aef341f"} 
[2026-04-04 01:39:58] production.INFO: Telnyx voice webhook received {"event_type":"call.playback.ended","call_control_id":"v3:xHjA9AyUtc-mTxQelKwwDCS-pdsEXTOBueHuPJ5T8-L9NJ0x-gyzfw","direction":null} 
[2026-04-04 01:40:01] production.INFO: Telnyx voice webhook received {"event_type":"call.hangup","call_control_id":"v3:w3MOyBRXWtfwHd-JsToXg3n10hYx7fiy_ssqH6MxYtR45FgVx5CpEQ","direction":null} 
[2026-04-04 01:40:01] production.INFO: Call ended {"call_control_id":"v3:w3MOyBRXWtfwHd-JsToXg3n10hYx7fiy_ssqH6MxYtR45FgVx5CpEQ","status":"completed","hangup_cause":"normal_clearing","duration":10.044834000000002} 
[2026-04-04 01:40:01] production.INFO: Telnyx voice webhook received {"event_type":"call.hangup","call_control_id":"v3:xHjA9AyUtc-mTxQelKwwDCS-pdsEXTOBueHuPJ5T8-L9NJ0x-gyzfw","direction":null} 
[2026-04-04 01:40:05] production.INFO: Telnyx voice webhook received {"event_type":"call.initiated","call_control_id":"v3:axW10gwaDVRw1GOBO0Q_oE_iYD99Y1LO8DesWngUxYpkrwELhGdabA","direction":"incoming"} 
[2026-04-04 01:40:05] production.WARNING: ipqualityscore lookup failed {"phone":"+18472123894","message":"You have insufficient credits to make this query. Please contact IPQualityScore support if this error persists."} 
[2026-04-04 01:40:05] production.INFO: Incoming call - answering {"call_control_id":"v3:axW10gwaDVRw1GOBO0Q_oE_iYD99Y1LO8DesWngUxYpkrwELhGdabA","from":"+18472123894","to":"+12247354200","caller_user_id":null,"caller_name":"GRZEGORZ SZADY"} 
[2026-04-04 01:40:06] production.INFO: Call command sent: answer {"call_control_id":"v3:axW10gwaDVRw1GOBO0Q_oE_iYD99Y1LO8DesWngUxYpkrwELhGdabA","result":"ok"} 
[2026-04-04 01:40:06] production.INFO: Telnyx voice webhook received {"event_type":"call.answered","call_control_id":"v3:axW10gwaDVRw1GOBO0Q_oE_iYD99Y1LO8DesWngUxYpkrwELhGdabA","direction":null} 
[2026-04-04 01:40:06] production.INFO: Playing welcome TTS and dialing admins simultaneously {"call_control_id":"v3:axW10gwaDVRw1GOBO0Q_oE_iYD99Y1LO8DesWngUxYpkrwELhGdabA","tts":"Good evening! Thanks for calling GS Construction. One moment while we connect you to the GS Crew."} 
[2026-04-04 01:40:06] production.INFO: Call command sent: speak {"call_control_id":"v3:axW10gwaDVRw1GOBO0Q_oE_iYD99Y1LO8DesWngUxYpkrwELhGdabA","result":"ok"} 
[2026-04-04 01:40:07] production.INFO: Dialed admin {"admin_user_id":1,"admin_name":"Patryk Szady","phone":"+12249993880","admin_call_control_id":"v3:WdUeH3kZdldGP-OyqczOkrzUFHYFum2M13D5b6tIU6vdH4gqHbJfwg"} 
[2026-04-04 01:40:07] production.INFO: Telnyx voice webhook received {"event_type":"call.speak.started","call_control_id":"v3:axW10gwaDVRw1GOBO0Q_oE_iYD99Y1LO8DesWngUxYpkrwELhGdabA","direction":null} 
[2026-04-04 01:40:07] production.INFO: TTS speak started {"call_control_id":"v3:axW10gwaDVRw1GOBO0Q_oE_iYD99Y1LO8DesWngUxYpkrwELhGdabA"} 
[2026-04-04 01:40:07] production.INFO: Telnyx voice webhook received {"event_type":"call.initiated","call_control_id":"v3:WdUeH3kZdldGP-OyqczOkrzUFHYFum2M13D5b6tIU6vdH4gqHbJfwg","direction":"outgoing"} 
[2026-04-04 01:40:07] production.INFO: Outbound call initiated {"call_control_id":"v3:WdUeH3kZdldGP-OyqczOkrzUFHYFum2M13D5b6tIU6vdH4gqHbJfwg","to":"+12249993880"} 
[2026-04-04 01:40:07] production.DEBUG: Push notification delivered {"endpoint":"https://web.push.apple.com/QDkJcfxcMRPW4uLNUaYZ21nDUMJHCJ-cyja1FMQcNEv6qKbL-ec_s…","status":201} 
[2026-04-04 01:40:07] production.DEBUG: Push notification delivered {"endpoint":"https://fcm.googleapis.com/fcm/send/cYR-NIq4nms:APA91bEppjWa7ZIrYxviNuWljHyZ7qnu…","status":201} 
[2026-04-04 01:40:13] production.INFO: Telnyx voice webhook received {"event_type":"call.speak.ended","call_control_id":"v3:axW10gwaDVRw1GOBO0Q_oE_iYD99Y1LO8DesWngUxYpkrwELhGdabA","direction":null} 
[2026-04-04 01:40:13] production.INFO: handleCallSpeakEnded ENTRY {"call_control_id":"v3:axW10gwaDVRw1GOBO0Q_oE_iYD99Y1LO8DesWngUxYpkrwELhGdabA","action":"welcome_done","client_state":{"action":"welcome_done","call_log_id":569,"original_caller":"+18472123894"},"client_state_raw_present":true} 
[2026-04-04 01:40:13] production.INFO: TTS completed — no admin answered yet, playing ringback {"call_control_id":"v3:axW10gwaDVRw1GOBO0Q_oE_iYD99Y1LO8DesWngUxYpkrwELhGdabA","call_log_id":569} 
[2026-04-04 01:40:14] production.INFO: Call command sent: playback_start {"call_control_id":"v3:axW10gwaDVRw1GOBO0Q_oE_iYD99Y1LO8DesWngUxYpkrwELhGdabA","result":"ok"} 
[2026-04-04 01:40:14] production.INFO: Telnyx voice webhook received {"event_type":"call.playback.started","call_control_id":"v3:axW10gwaDVRw1GOBO0Q_oE_iYD99Y1LO8DesWngUxYpkrwELhGdabA","direction":null} 
[2026-04-04 01:40:14] production.INFO: Unhandled voice event {"event_type":"call.playback.started"} 
[2026-04-04 01:40:22] production.INFO: Telnyx voice webhook received {"event_type":"call.answered","call_control_id":"v3:WdUeH3kZdldGP-OyqczOkrzUFHYFum2M13D5b6tIU6vdH4gqHbJfwg","direction":null} 
[2026-04-04 01:40:22] production.INFO: Admin answered (TTS done) — bridging with caller {"admin_call_control_id":"v3:WdUeH3kZdldGP-OyqczOkrzUFHYFum2M13D5b6tIU6vdH4gqHbJfwg","incoming_call_control_id":"v3:axW10gwaDVRw1GOBO0Q_oE_iYD99Y1LO8DesWngUxYpkrwELhGdabA","call_log_id":569,"admin_user_id":1} 
[2026-04-04 01:40:22] production.INFO: Bridging admin with caller {"admin_call_control_id":"v3:WdUeH3kZdldGP-OyqczOkrzUFHYFum2M13D5b6tIU6vdH4gqHbJfwg","incoming_call_control_id":"v3:axW10gwaDVRw1GOBO0Q_oE_iYD99Y1LO8DesWngUxYpkrwELhGdabA","admin_user_id":1,"admin_name":"Patryk Szady"} 
[2026-04-04 01:40:22] production.INFO: Call command sent: playback_stop {"call_control_id":"v3:axW10gwaDVRw1GOBO0Q_oE_iYD99Y1LO8DesWngUxYpkrwELhGdabA","result":"ok"} 
[2026-04-04 01:40:22] production.INFO: Telnyx voice webhook received {"event_type":"call.playback.ended","call_control_id":"v3:axW10gwaDVRw1GOBO0Q_oE_iYD99Y1LO8DesWngUxYpkrwELhGdabA","direction":null} 
[2026-04-04 01:40:22] production.INFO: Call command sent: playback_start {"call_control_id":"v3:axW10gwaDVRw1GOBO0Q_oE_iYD99Y1LO8DesWngUxYpkrwELhGdabA","result":"ok"} 
[2026-04-04 01:40:22] production.INFO: Calls bridged successfully {"call_control_id_a":"v3:WdUeH3kZdldGP-OyqczOkrzUFHYFum2M13D5b6tIU6vdH4gqHbJfwg","call_control_id_b":"v3:axW10gwaDVRw1GOBO0Q_oE_iYD99Y1LO8DesWngUxYpkrwELhGdabA"} 
[2026-04-04 01:40:23] production.INFO: Telnyx voice webhook received {"event_type":"call.bridged","call_control_id":"v3:axW10gwaDVRw1GOBO0Q_oE_iYD99Y1LO8DesWngUxYpkrwELhGdabA","direction":null} 
[2026-04-04 01:40:23] production.INFO: Call bridged {"call_control_id":"v3:axW10gwaDVRw1GOBO0Q_oE_iYD99Y1LO8DesWngUxYpkrwELhGdabA","call_session_id":"34897290-2fc7-11f1-b123-02420aef3a1f"} 
[2026-04-04 01:40:23] production.INFO: Telnyx voice webhook received {"event_type":"call.bridged","call_control_id":"v3:WdUeH3kZdldGP-OyqczOkrzUFHYFum2M13D5b6tIU6vdH4gqHbJfwg","direction":null} 
[2026-04-04 01:40:23] production.INFO: Call bridged {"call_control_id":"v3:WdUeH3kZdldGP-OyqczOkrzUFHYFum2M13D5b6tIU6vdH4gqHbJfwg","call_session_id":"358a7d6a-2fc7-11f1-a615-02420aef521f"} 
[2026-04-04 01:40:23] production.INFO: Telnyx voice webhook received {"event_type":"call.playback.started","call_control_id":"v3:axW10gwaDVRw1GOBO0Q_oE_iYD99Y1LO8DesWngUxYpkrwELhGdabA","direction":null} 
[2026-04-04 01:40:23] production.INFO: Unhandled voice event {"event_type":"call.playback.started"} 
[2026-04-04 01:40:35] production.INFO: Telnyx voice webhook received {"event_type":"call.playback.ended","call_control_id":"v3:axW10gwaDVRw1GOBO0Q_oE_iYD99Y1LO8DesWngUxYpkrwELhGdabA","direction":null} 
[2026-04-04 01:40:35] production.INFO: Telnyx voice webhook received {"event_type":"call.hangup","call_control_id":"v3:axW10gwaDVRw1GOBO0Q_oE_iYD99Y1LO8DesWngUxYpkrwELhGdabA","direction":null} 
[2026-04-04 01:40:35] production.INFO: Call ended {"call_control_id":"v3:axW10gwaDVRw1GOBO0Q_oE_iYD99Y1LO8DesWngUxYpkrwELhGdabA","status":"completed","hangup_cause":"normal_clearing","duration":29.841174} 
[2026-04-04 01:40:35] production.INFO: Telnyx voice webhook received {"event_type":"call.hangup","call_control_id":"v3:WdUeH3kZdldGP-OyqczOkrzUFHYFum2M13D5b6tIU6vdH4gqHbJfwg","direction":null} 
[2026-04-04 01:40:35] production.INFO: Admin ring leg hung up {"admin_call_control_id":"v3:WdUeH3kZdldGP-OyqczOkrzUFHYFum2M13D5b6tIU6vdH4gqHbJfwg","hangup_cause":"normal_clearing","call_log_id":569} 
[2026-04-04 01:40:41] production.INFO: Telnyx voice webhook received {"event_type":"call.initiated","call_control_id":"v3:h3gDBki-jWyavnYCcXocEuqZe2X8Sw__0M0bmLIiZ_73piQJhR7-9A","direction":"incoming"} 
[2026-04-04 01:40:41] production.WARNING: ipqualityscore lookup failed {"phone":"+18472123894","message":"You have insufficient credits to make this query. Please contact IPQualityScore support if this error persists."} 
[2026-04-04 01:40:41] production.INFO: Incoming call - answering {"call_control_id":"v3:h3gDBki-jWyavnYCcXocEuqZe2X8Sw__0M0bmLIiZ_73piQJhR7-9A","from":"+18472123894","to":"+12247354200","caller_user_id":null,"caller_name":"GRZEGORZ SZADY"} 
[2026-04-04 01:40:42] production.INFO: Call command sent: answer {"call_control_id":"v3:h3gDBki-jWyavnYCcXocEuqZe2X8Sw__0M0bmLIiZ_73piQJhR7-9A","result":"ok"} 
[2026-04-04 01:40:42] production.INFO: Telnyx voice webhook received {"event_type":"call.answered","call_control_id":"v3:h3gDBki-jWyavnYCcXocEuqZe2X8Sw__0M0bmLIiZ_73piQJhR7-9A","direction":null} 
[2026-04-04 01:40:42] production.INFO: Playing welcome TTS and dialing admins simultaneously {"call_control_id":"v3:h3gDBki-jWyavnYCcXocEuqZe2X8Sw__0M0bmLIiZ_73piQJhR7-9A","tts":"Good evening! Thanks for calling GS Construction. One moment while we connect you to the GS Crew."} 
[2026-04-04 01:40:42] production.INFO: Call command sent: speak {"call_control_id":"v3:h3gDBki-jWyavnYCcXocEuqZe2X8Sw__0M0bmLIiZ_73piQJhR7-9A","result":"ok"} 
[2026-04-04 01:40:42] production.INFO: Dialed admin {"admin_user_id":1,"admin_name":"Patryk Szady","phone":"+12249993880","admin_call_control_id":"v3:j5w8kKs3B6yZZkpEBpEL2cCVLavtB-aEohl38EkqRHZVbDFGVvxGBg"} 
[2026-04-04 01:40:43] production.INFO: Telnyx voice webhook received {"event_type":"call.initiated","call_control_id":"v3:j5w8kKs3B6yZZkpEBpEL2cCVLavtB-aEohl38EkqRHZVbDFGVvxGBg","direction":"outgoing"} 
[2026-04-04 01:40:43] production.INFO: Outbound call initiated {"call_control_id":"v3:j5w8kKs3B6yZZkpEBpEL2cCVLavtB-aEohl38EkqRHZVbDFGVvxGBg","to":"+12249993880"} 
[2026-04-04 01:40:43] production.INFO: Telnyx voice webhook received {"event_type":"call.speak.started","call_control_id":"v3:h3gDBki-jWyavnYCcXocEuqZe2X8Sw__0M0bmLIiZ_73piQJhR7-9A","direction":null} 
[2026-04-04 01:40:43] production.INFO: TTS speak started {"call_control_id":"v3:h3gDBki-jWyavnYCcXocEuqZe2X8Sw__0M0bmLIiZ_73piQJhR7-9A"} 
[2026-04-04 01:40:43] production.DEBUG: Push notification delivered {"endpoint":"https://web.push.apple.com/QDkJcfxcMRPW4uLNUaYZ21nDUMJHCJ-cyja1FMQcNEv6qKbL-ec_s…","status":201} 
[2026-04-04 01:40:43] production.DEBUG: Push notification delivered {"endpoint":"https://fcm.googleapis.com/fcm/send/cYR-NIq4nms:APA91bEppjWa7ZIrYxviNuWljHyZ7qnu…","status":201} 
[2026-04-04 01:40:49] production.INFO: Telnyx voice webhook received {"event_type":"call.speak.ended","call_control_id":"v3:h3gDBki-jWyavnYCcXocEuqZe2X8Sw__0M0bmLIiZ_73piQJhR7-9A","direction":null} 
[2026-04-04 01:40:49] production.INFO: handleCallSpeakEnded ENTRY {"call_control_id":"v3:h3gDBki-jWyavnYCcXocEuqZe2X8Sw__0M0bmLIiZ_73piQJhR7-9A","action":"welcome_done","client_state":{"action":"welcome_done","call_log_id":570,"original_caller":"+18472123894"},"client_state_raw_present":true} 
[2026-04-04 01:40:49] production.INFO: TTS completed — no admin answered yet, playing ringback {"call_control_id":"v3:h3gDBki-jWyavnYCcXocEuqZe2X8Sw__0M0bmLIiZ_73piQJhR7-9A","call_log_id":570} 
[2026-04-04 01:40:50] production.INFO: Call command sent: playback_start {"call_control_id":"v3:h3gDBki-jWyavnYCcXocEuqZe2X8Sw__0M0bmLIiZ_73piQJhR7-9A","result":"ok"} 
[2026-04-04 01:40:50] production.INFO: Telnyx voice webhook received {"event_type":"call.playback.started","call_control_id":"v3:h3gDBki-jWyavnYCcXocEuqZe2X8Sw__0M0bmLIiZ_73piQJhR7-9A","direction":null} 
[2026-04-04 01:40:50] production.INFO: Unhandled voice event {"event_type":"call.playback.started"} 
[2026-04-04 01:41:00] production.INFO: Telnyx voice webhook received {"event_type":"call.answered","call_control_id":"v3:j5w8kKs3B6yZZkpEBpEL2cCVLavtB-aEohl38EkqRHZVbDFGVvxGBg","direction":null} 
[2026-04-04 01:41:00] production.INFO: Admin answered (TTS done) — bridging with caller {"admin_call_control_id":"v3:j5w8kKs3B6yZZkpEBpEL2cCVLavtB-aEohl38EkqRHZVbDFGVvxGBg","incoming_call_control_id":"v3:h3gDBki-jWyavnYCcXocEuqZe2X8Sw__0M0bmLIiZ_73piQJhR7-9A","call_log_id":570,"admin_user_id":1} 
[2026-04-04 01:41:00] production.INFO: Bridging admin with caller {"admin_call_control_id":"v3:j5w8kKs3B6yZZkpEBpEL2cCVLavtB-aEohl38EkqRHZVbDFGVvxGBg","incoming_call_control_id":"v3:h3gDBki-jWyavnYCcXocEuqZe2X8Sw__0M0bmLIiZ_73piQJhR7-9A","admin_user_id":1,"admin_name":"Patryk Szady"} 
[2026-04-04 01:41:00] production.INFO: Call command sent: playback_stop {"call_control_id":"v3:h3gDBki-jWyavnYCcXocEuqZe2X8Sw__0M0bmLIiZ_73piQJhR7-9A","result":"ok"} 
[2026-04-04 01:41:00] production.INFO: Telnyx voice webhook received {"event_type":"call.playback.ended","call_control_id":"v3:h3gDBki-jWyavnYCcXocEuqZe2X8Sw__0M0bmLIiZ_73piQJhR7-9A","direction":null} 
[2026-04-04 01:41:00] production.INFO: Calls bridged successfully {"call_control_id_a":"v3:j5w8kKs3B6yZZkpEBpEL2cCVLavtB-aEohl38EkqRHZVbDFGVvxGBg","call_control_id_b":"v3:h3gDBki-jWyavnYCcXocEuqZe2X8Sw__0M0bmLIiZ_73piQJhR7-9A"} 
[2026-04-04 01:41:01] production.INFO: Call command sent: playback_start {"call_control_id":"v3:h3gDBki-jWyavnYCcXocEuqZe2X8Sw__0M0bmLIiZ_73piQJhR7-9A","result":"ok"} 
[2026-04-04 01:41:01] production.INFO: Telnyx voice webhook received {"event_type":"call.bridged","call_control_id":"v3:h3gDBki-jWyavnYCcXocEuqZe2X8Sw__0M0bmLIiZ_73piQJhR7-9A","direction":null} 
[2026-04-04 01:41:01] production.INFO: Call bridged {"call_control_id":"v3:h3gDBki-jWyavnYCcXocEuqZe2X8Sw__0M0bmLIiZ_73piQJhR7-9A","call_session_id":"49f45780-2fc7-11f1-ba13-02420aef321f"} 
[2026-04-04 01:41:01] production.INFO: Telnyx voice webhook received {"event_type":"call.playback.ended","call_control_id":"v3:h3gDBki-jWyavnYCcXocEuqZe2X8Sw__0M0bmLIiZ_73piQJhR7-9A","direction":null} 
[2026-04-04 01:41:01] production.INFO: Telnyx voice webhook received {"event_type":"call.bridged","call_control_id":"v3:j5w8kKs3B6yZZkpEBpEL2cCVLavtB-aEohl38EkqRHZVbDFGVvxGBg","direction":null} 
[2026-04-04 01:41:01] production.INFO: Call bridged {"call_control_id":"v3:j5w8kKs3B6yZZkpEBpEL2cCVLavtB-aEohl38EkqRHZVbDFGVvxGBg","call_session_id":"4afb17d6-2fc7-11f1-98a7-02420aef521f"} 
[2026-04-04 01:41:04] production.INFO: Telnyx voice webhook received {"event_type":"call.hangup","call_control_id":"v3:j5w8kKs3B6yZZkpEBpEL2cCVLavtB-aEohl38EkqRHZVbDFGVvxGBg","direction":null} 
[2026-04-04 01:41:04] production.INFO: Admin ring leg hung up {"admin_call_control_id":"v3:j5w8kKs3B6yZZkpEBpEL2cCVLavtB-aEohl38EkqRHZVbDFGVvxGBg","hangup_cause":"normal_clearing","call_log_id":570} 
[2026-04-04 01:41:04] production.INFO: Telnyx voice webhook received {"event_type":"call.hangup","call_control_id":"v3:h3gDBki-jWyavnYCcXocEuqZe2X8Sw__0M0bmLIiZ_73piQJhR7-9A","direction":null} 
[2026-04-04 01:41:04] production.INFO: Call ended {"call_control_id":"v3:h3gDBki-jWyavnYCcXocEuqZe2X8Sw__0M0bmLIiZ_73piQJhR7-9A","status":"completed","hangup_cause":"normal_clearing","duration":22.985263} 
